Classic Timing Analyzer report for clk_div
Fri Jan 15 09:04:24 2016
Quartus II Version 9.0 Build 132 02/25/2009 SJ Full Version


---------------------
; Table of Contents ;
---------------------
  1. Legal Notice
  2. Timing Analyzer Summary
  3. Timing Analyzer Settings
  4. Clock Settings Summary
  5. Parallel Compilation
  6. Clock Setup: 'clk_50Mhz'
  7. tco
  8. Timing Analyzer Messages



----------------
; Legal Notice ;
----------------
Copyright (C) 1991-2009 Altera Corporation
Your use of Altera Corporation's design tools, logic functions 
and other software and tools, and its AMPP partner logic 
functions, and any output files from any of the foregoing 
(including device programming or simulation files), and any 
associated documentation or information are expressly subject 
to the terms and conditions of the Altera Program License 
Subscription Agreement, Altera MegaCore Function License 
Agreement, or other applicable license agreement, including, 
without limitation, that your use is for the sole purpose of 
programming logic devices manufactured by Altera and sold by 
Altera or its authorized distributors.  Please refer to the 
applicable agreement for further details.



+-------------------------------------------------------------------------------------------------------------------------------------------------------------------------------------------------------------------+
; Timing Analyzer Summary                                                                                                                                                                                           ;
+------------------------------+-------+---------------+----------------------------------+----------------------------------------------------------------------+----------+------------+-----------+--------------+
; Type                         ; Slack ; Required Time ; Actual Time                      ; From                                                                 ; To       ; From Clock ; To Clock  ; Failed Paths ;
+------------------------------+-------+---------------+----------------------------------+----------------------------------------------------------------------+----------+------------+-----------+--------------+
; Worst-case tco               ; N/A   ; None          ; 10.400 ns                        ; clk_out                                                              ; clk_1Khz ; clk_50Mhz  ; --        ; 0            ;
; Clock Setup: 'clk_50Mhz'     ; N/A   ; None          ; 79.37 MHz ( period = 12.600 ns ) ; lpm_counter:cnt_rtl_0|alt_counter_f10ke:wysi_counter|counter_cell[6] ; clk_out  ; clk_50Mhz  ; clk_50Mhz ; 0            ;
; Total number of failed paths ;       ;               ;                                  ;                                                                      ;          ;            ;           ; 0            ;
+------------------------------+-------+---------------+----------------------------------+----------------------------------------------------------------------+----------+------------+-----------+--------------+


+--------------------------------------------------------------------------------------------------------------------+
; Timing Analyzer Settings                                                                                           ;
+---------------------------------------------------------------------+--------------------+------+----+-------------+
; Option                                                              ; Setting            ; From ; To ; Entity Name ;
+---------------------------------------------------------------------+--------------------+------+----+-------------+
; Device Name                                                         ; EP1K30TC144-3      ;      ;    ;             ;
; Timing Models                                                       ; Final              ;      ;    ;             ;
; Default hold multicycle                                             ; Same as Multicycle ;      ;    ;             ;
; Cut paths between unrelated clock domains                           ; On                 ;      ;    ;             ;
; Cut off read during write signal paths                              ; On                 ;      ;    ;             ;
; Cut off feedback from I/O pins                                      ; On                 ;      ;    ;             ;
; Report Combined Fast/Slow Timing                                    ; Off                ;      ;    ;             ;
; Ignore Clock Settings                                               ; Off                ;      ;    ;             ;
; Analyze latches as synchronous elements                             ; On                 ;      ;    ;             ;
; Enable Recovery/Removal analysis                                    ; Off                ;      ;    ;             ;
; Enable Clock Latency                                                ; Off                ;      ;    ;             ;
; Use TimeQuest Timing Analyzer                                       ; Off                ;      ;    ;             ;
; Minimum Core Junction Temperature                                   ; 0                  ;      ;    ;             ;
; Maximum Core Junction Temperature                                   ; 85                 ;      ;    ;             ;
; Number of source nodes to report per destination node               ; 10                 ;      ;    ;             ;
; Number of destination nodes to report                               ; 10                 ;      ;    ;             ;
; Number of paths to report                                           ; 200                ;      ;    ;             ;
; Report Minimum Timing Checks                                        ; Off                ;      ;    ;             ;
; Use Fast Timing Models                                              ; Off                ;      ;    ;             ;
; Report IO Paths Separately                                          ; Off                ;      ;    ;             ;
; Perform Multicorner Analysis                                        ; Off                ;      ;    ;             ;
; Reports the worst-case path for each clock domain and analysis      ; Off                ;      ;    ;             ;
; Removes common clock path pessimism (CCPP) during slack computation ; Off                ;      ;    ;             ;
; Output I/O Timing Endpoint                                          ; Near End           ;      ;    ;             ;
+---------------------------------------------------------------------+--------------------+------+----+-------------+


+------------------------------------------------------------------------------------------------------------------------------------------------------------------------------------+
; Clock Settings Summary                                                                                                                                                             ;
+-----------------+--------------------+----------+------------------+---------------+--------------+----------+-----------------------+---------------------+--------+--------------+
; Clock Node Name ; Clock Setting Name ; Type     ; Fmax Requirement ; Early Latency ; Late Latency ; Based on ; Multiply Base Fmax by ; Divide Base Fmax by ; Offset ; Phase offset ;
+-----------------+--------------------+----------+------------------+---------------+--------------+----------+-----------------------+---------------------+--------+--------------+
; clk_50Mhz       ;                    ; User Pin ; None             ; 0.000 ns      ; 0.000 ns     ; --       ; N/A                   ; N/A                 ; N/A    ;              ;
+-----------------+--------------------+----------+------------------+---------------+--------------+----------+-----------------------+---------------------+--------+--------------+


+------------------------------------------+
; Parallel Compilation                     ;
+----------------------------+-------------+
; Processors                 ; Number      ;
+----------------------------+-------------+
; Number detected on machine ; 2           ;
; Maximum allowed            ; 2           ;
;                            ;             ;
; Average used               ; 1.00        ;
; Maximum used               ; 1           ;
;                            ;             ;
; Usage by Processor         ; % Time Used ;
;     1 processor            ; 100.0%      ;
;     2 processors           ;   0.0%      ;
+----------------------------+-------------+


+------------------------------------------------------------------------------------------------------------------------------------------------------------------------------------------------------------------------------------------------------------------------------------------------------------------------------------------------------------+
; Clock Setup: 'clk_50Mhz'                                                                                                                                                                                                                                                                                                                                   ;
+-----------------------------------------+-----------------------------------------------------+-----------------------------------------------------------------------+-----------------------------------------------------------------------+------------+-----------+-----------------------------+---------------------------+-------------------------+
; Slack                                   ; Actual fmax (period)                                ; From                                                                  ; To                                                                    ; From Clock ; To Clock  ; Required Setup Relationship ; Required Longest P2P Time ; Actual Longest P2P Time ;
+-----------------------------------------+-----------------------------------------------------+-----------------------------------------------------------------------+-----------------------------------------------------------------------+------------+-----------+-----------------------------+---------------------------+-------------------------+
; N/A                                     ; 79.37 MHz ( period = 12.600 ns )                    ; lpm_counter:cnt_rtl_0|alt_counter_f10ke:wysi_counter|counter_cell[6]  ; clk_out                                                               ; clk_50Mhz  ; clk_50Mhz ; None                        ; None                      ; 11.500 ns               ;
; N/A                                     ; 80.00 MHz ( period = 12.500 ns )                    ; lpm_counter:cnt_rtl_0|alt_counter_f10ke:wysi_counter|counter_cell[4]  ; clk_out                                                               ; clk_50Mhz  ; clk_50Mhz ; None                        ; None                      ; 11.400 ns               ;
; N/A                                     ; 80.00 MHz ( period = 12.500 ns )                    ; lpm_counter:cnt_rtl_0|alt_counter_f10ke:wysi_counter|counter_cell[3]  ; clk_out                                                               ; clk_50Mhz  ; clk_50Mhz ; None                        ; None                      ; 11.400 ns               ;
; N/A                                     ; 81.30 MHz ( period = 12.300 ns )                    ; lpm_counter:cnt_rtl_0|alt_counter_f10ke:wysi_counter|counter_cell[8]  ; clk_out                                                               ; clk_50Mhz  ; clk_50Mhz ; None                        ; None                      ; 11.200 ns               ;
; N/A                                     ; 84.75 MHz ( period = 11.800 ns )                    ; lpm_counter:cnt_rtl_0|alt_counter_f10ke:wysi_counter|counter_cell[6]  ; lpm_counter:cnt_rtl_0|alt_counter_f10ke:wysi_counter|counter_cell[31] ; clk_50Mhz  ; clk_50Mhz ; None                        ; None                      ; 10.700 ns               ;
; N/A                                     ; 84.75 MHz ( period = 11.800 ns )                    ; lpm_counter:cnt_rtl_0|alt_counter_f10ke:wysi_counter|counter_cell[6]  ; lpm_counter:cnt_rtl_0|alt_counter_f10ke:wysi_counter|counter_cell[30] ; clk_50Mhz  ; clk_50Mhz ; None                        ; None                      ; 10.700 ns               ;
; N/A                                     ; 84.75 MHz ( period = 11.800 ns )                    ; lpm_counter:cnt_rtl_0|alt_counter_f10ke:wysi_counter|counter_cell[6]  ; lpm_counter:cnt_rtl_0|alt_counter_f10ke:wysi_counter|counter_cell[29] ; clk_50Mhz  ; clk_50Mhz ; None                        ; None                      ; 10.700 ns               ;
; N/A                                     ; 84.75 MHz ( period = 11.800 ns )                    ; lpm_counter:cnt_rtl_0|alt_counter_f10ke:wysi_counter|counter_cell[6]  ; lpm_counter:cnt_rtl_0|alt_counter_f10ke:wysi_counter|counter_cell[28] ; clk_50Mhz  ; clk_50Mhz ; None                        ; None                      ; 10.700 ns               ;
; N/A                                     ; 84.75 MHz ( period = 11.800 ns )                    ; lpm_counter:cnt_rtl_0|alt_counter_f10ke:wysi_counter|counter_cell[6]  ; lpm_counter:cnt_rtl_0|alt_counter_f10ke:wysi_counter|counter_cell[27] ; clk_50Mhz  ; clk_50Mhz ; None                        ; None                      ; 10.700 ns               ;
; N/A                                     ; 84.75 MHz ( period = 11.800 ns )                    ; lpm_counter:cnt_rtl_0|alt_counter_f10ke:wysi_counter|counter_cell[6]  ; lpm_counter:cnt_rtl_0|alt_counter_f10ke:wysi_counter|counter_cell[26] ; clk_50Mhz  ; clk_50Mhz ; None                        ; None                      ; 10.700 ns               ;
; N/A                                     ; 84.75 MHz ( period = 11.800 ns )                    ; lpm_counter:cnt_rtl_0|alt_counter_f10ke:wysi_counter|counter_cell[6]  ; lpm_counter:cnt_rtl_0|alt_counter_f10ke:wysi_counter|counter_cell[25] ; clk_50Mhz  ; clk_50Mhz ; None                        ; None                      ; 10.700 ns               ;
; N/A                                     ; 84.75 MHz ( period = 11.800 ns )                    ; lpm_counter:cnt_rtl_0|alt_counter_f10ke:wysi_counter|counter_cell[6]  ; lpm_counter:cnt_rtl_0|alt_counter_f10ke:wysi_counter|counter_cell[24] ; clk_50Mhz  ; clk_50Mhz ; None                        ; None                      ; 10.700 ns               ;
; N/A                                     ; 85.47 MHz ( period = 11.700 ns )                    ; lpm_counter:cnt_rtl_0|alt_counter_f10ke:wysi_counter|counter_cell[4]  ; lpm_counter:cnt_rtl_0|alt_counter_f10ke:wysi_counter|counter_cell[31] ; clk_50Mhz  ; clk_50Mhz ; None                        ; None                      ; 10.600 ns               ;
; N/A                                     ; 85.47 MHz ( period = 11.700 ns )                    ; lpm_counter:cnt_rtl_0|alt_counter_f10ke:wysi_counter|counter_cell[3]  ; lpm_counter:cnt_rtl_0|alt_counter_f10ke:wysi_counter|counter_cell[31] ; clk_50Mhz  ; clk_50Mhz ; None                        ; None                      ; 10.600 ns               ;
; N/A                                     ; 85.47 MHz ( period = 11.700 ns )                    ; lpm_counter:cnt_rtl_0|alt_counter_f10ke:wysi_counter|counter_cell[4]  ; lpm_counter:cnt_rtl_0|alt_counter_f10ke:wysi_counter|counter_cell[30] ; clk_50Mhz  ; clk_50Mhz ; None                        ; None                      ; 10.600 ns               ;
; N/A                                     ; 85.47 MHz ( period = 11.700 ns )                    ; lpm_counter:cnt_rtl_0|alt_counter_f10ke:wysi_counter|counter_cell[3]  ; lpm_counter:cnt_rtl_0|alt_counter_f10ke:wysi_counter|counter_cell[30] ; clk_50Mhz  ; clk_50Mhz ; None                        ; None                      ; 10.600 ns               ;
; N/A                                     ; 85.47 MHz ( period = 11.700 ns )                    ; lpm_counter:cnt_rtl_0|alt_counter_f10ke:wysi_counter|counter_cell[4]  ; lpm_counter:cnt_rtl_0|alt_counter_f10ke:wysi_counter|counter_cell[29] ; clk_50Mhz  ; clk_50Mhz ; None                        ; None                      ; 10.600 ns               ;
; N/A                                     ; 85.47 MHz ( period = 11.700 ns )                    ; lpm_counter:cnt_rtl_0|alt_counter_f10ke:wysi_counter|counter_cell[3]  ; lpm_counter:cnt_rtl_0|alt_counter_f10ke:wysi_counter|counter_cell[29] ; clk_50Mhz  ; clk_50Mhz ; None                        ; None                      ; 10.600 ns               ;
; N/A                                     ; 85.47 MHz ( period = 11.700 ns )                    ; lpm_counter:cnt_rtl_0|alt_counter_f10ke:wysi_counter|counter_cell[4]  ; lpm_counter:cnt_rtl_0|alt_counter_f10ke:wysi_counter|counter_cell[28] ; clk_50Mhz  ; clk_50Mhz ; None                        ; None                      ; 10.600 ns               ;
; N/A                                     ; 85.47 MHz ( period = 11.700 ns )                    ; lpm_counter:cnt_rtl_0|alt_counter_f10ke:wysi_counter|counter_cell[3]  ; lpm_counter:cnt_rtl_0|alt_counter_f10ke:wysi_counter|counter_cell[28] ; clk_50Mhz  ; clk_50Mhz ; None                        ; None                      ; 10.600 ns               ;
; N/A                                     ; 85.47 MHz ( period = 11.700 ns )                    ; lpm_counter:cnt_rtl_0|alt_counter_f10ke:wysi_counter|counter_cell[4]  ; lpm_counter:cnt_rtl_0|alt_counter_f10ke:wysi_counter|counter_cell[27] ; clk_50Mhz  ; clk_50Mhz ; None                        ; None                      ; 10.600 ns               ;
; N/A                                     ; 85.47 MHz ( period = 11.700 ns )                    ; lpm_counter:cnt_rtl_0|alt_counter_f10ke:wysi_counter|counter_cell[3]  ; lpm_counter:cnt_rtl_0|alt_counter_f10ke:wysi_counter|counter_cell[27] ; clk_50Mhz  ; clk_50Mhz ; None                        ; None                      ; 10.600 ns               ;
; N/A                                     ; 85.47 MHz ( period = 11.700 ns )                    ; lpm_counter:cnt_rtl_0|alt_counter_f10ke:wysi_counter|counter_cell[4]  ; lpm_counter:cnt_rtl_0|alt_counter_f10ke:wysi_counter|counter_cell[26] ; clk_50Mhz  ; clk_50Mhz ; None                        ; None                      ; 10.600 ns               ;
; N/A                                     ; 85.47 MHz ( period = 11.700 ns )                    ; lpm_counter:cnt_rtl_0|alt_counter_f10ke:wysi_counter|counter_cell[3]  ; lpm_counter:cnt_rtl_0|alt_counter_f10ke:wysi_counter|counter_cell[26] ; clk_50Mhz  ; clk_50Mhz ; None                        ; None                      ; 10.600 ns               ;
; N/A                                     ; 85.47 MHz ( period = 11.700 ns )                    ; lpm_counter:cnt_rtl_0|alt_counter_f10ke:wysi_counter|counter_cell[4]  ; lpm_counter:cnt_rtl_0|alt_counter_f10ke:wysi_counter|counter_cell[25] ; clk_50Mhz  ; clk_50Mhz ; None                        ; None                      ; 10.600 ns               ;
; N/A                                     ; 85.47 MHz ( period = 11.700 ns )                    ; lpm_counter:cnt_rtl_0|alt_counter_f10ke:wysi_counter|counter_cell[3]  ; lpm_counter:cnt_rtl_0|alt_counter_f10ke:wysi_counter|counter_cell[25] ; clk_50Mhz  ; clk_50Mhz ; None                        ; None                      ; 10.600 ns               ;
; N/A                                     ; 85.47 MHz ( period = 11.700 ns )                    ; lpm_counter:cnt_rtl_0|alt_counter_f10ke:wysi_counter|counter_cell[4]  ; lpm_counter:cnt_rtl_0|alt_counter_f10ke:wysi_counter|counter_cell[24] ; clk_50Mhz  ; clk_50Mhz ; None                        ; None                      ; 10.600 ns               ;
; N/A                                     ; 85.47 MHz ( period = 11.700 ns )                    ; lpm_counter:cnt_rtl_0|alt_counter_f10ke:wysi_counter|counter_cell[3]  ; lpm_counter:cnt_rtl_0|alt_counter_f10ke:wysi_counter|counter_cell[24] ; clk_50Mhz  ; clk_50Mhz ; None                        ; None                      ; 10.600 ns               ;
; N/A                                     ; 85.47 MHz ( period = 11.700 ns )                    ; lpm_counter:cnt_rtl_0|alt_counter_f10ke:wysi_counter|counter_cell[6]  ; lpm_counter:cnt_rtl_0|alt_counter_f10ke:wysi_counter|counter_cell[23] ; clk_50Mhz  ; clk_50Mhz ; None                        ; None                      ; 10.600 ns               ;
; N/A                                     ; 85.47 MHz ( period = 11.700 ns )                    ; lpm_counter:cnt_rtl_0|alt_counter_f10ke:wysi_counter|counter_cell[6]  ; lpm_counter:cnt_rtl_0|alt_counter_f10ke:wysi_counter|counter_cell[22] ; clk_50Mhz  ; clk_50Mhz ; None                        ; None                      ; 10.600 ns               ;
; N/A                                     ; 85.47 MHz ( period = 11.700 ns )                    ; lpm_counter:cnt_rtl_0|alt_counter_f10ke:wysi_counter|counter_cell[6]  ; lpm_counter:cnt_rtl_0|alt_counter_f10ke:wysi_counter|counter_cell[21] ; clk_50Mhz  ; clk_50Mhz ; None                        ; None                      ; 10.600 ns               ;
; N/A                                     ; 85.47 MHz ( period = 11.700 ns )                    ; lpm_counter:cnt_rtl_0|alt_counter_f10ke:wysi_counter|counter_cell[6]  ; lpm_counter:cnt_rtl_0|alt_counter_f10ke:wysi_counter|counter_cell[20] ; clk_50Mhz  ; clk_50Mhz ; None                        ; None                      ; 10.600 ns               ;
; N/A                                     ; 85.47 MHz ( period = 11.700 ns )                    ; lpm_counter:cnt_rtl_0|alt_counter_f10ke:wysi_counter|counter_cell[6]  ; lpm_counter:cnt_rtl_0|alt_counter_f10ke:wysi_counter|counter_cell[19] ; clk_50Mhz  ; clk_50Mhz ; None                        ; None                      ; 10.600 ns               ;
; N/A                                     ; 85.47 MHz ( period = 11.700 ns )                    ; lpm_counter:cnt_rtl_0|alt_counter_f10ke:wysi_counter|counter_cell[6]  ; lpm_counter:cnt_rtl_0|alt_counter_f10ke:wysi_counter|counter_cell[18] ; clk_50Mhz  ; clk_50Mhz ; None                        ; None                      ; 10.600 ns               ;
; N/A                                     ; 85.47 MHz ( period = 11.700 ns )                    ; lpm_counter:cnt_rtl_0|alt_counter_f10ke:wysi_counter|counter_cell[6]  ; lpm_counter:cnt_rtl_0|alt_counter_f10ke:wysi_counter|counter_cell[17] ; clk_50Mhz  ; clk_50Mhz ; None                        ; None                      ; 10.600 ns               ;
; N/A                                     ; 85.47 MHz ( period = 11.700 ns )                    ; lpm_counter:cnt_rtl_0|alt_counter_f10ke:wysi_counter|counter_cell[6]  ; lpm_counter:cnt_rtl_0|alt_counter_f10ke:wysi_counter|counter_cell[16] ; clk_50Mhz  ; clk_50Mhz ; None                        ; None                      ; 10.600 ns               ;
; N/A                                     ; 86.21 MHz ( period = 11.600 ns )                    ; lpm_counter:cnt_rtl_0|alt_counter_f10ke:wysi_counter|counter_cell[6]  ; lpm_counter:cnt_rtl_0|alt_counter_f10ke:wysi_counter|counter_cell[6]  ; clk_50Mhz  ; clk_50Mhz ; None                        ; None                      ; 10.500 ns               ;
; N/A                                     ; 86.21 MHz ( period = 11.600 ns )                    ; lpm_counter:cnt_rtl_0|alt_counter_f10ke:wysi_counter|counter_cell[6]  ; lpm_counter:cnt_rtl_0|alt_counter_f10ke:wysi_counter|counter_cell[5]  ; clk_50Mhz  ; clk_50Mhz ; None                        ; None                      ; 10.500 ns               ;
; N/A                                     ; 86.21 MHz ( period = 11.600 ns )                    ; lpm_counter:cnt_rtl_0|alt_counter_f10ke:wysi_counter|counter_cell[6]  ; lpm_counter:cnt_rtl_0|alt_counter_f10ke:wysi_counter|counter_cell[4]  ; clk_50Mhz  ; clk_50Mhz ; None                        ; None                      ; 10.500 ns               ;
; N/A                                     ; 86.21 MHz ( period = 11.600 ns )                    ; lpm_counter:cnt_rtl_0|alt_counter_f10ke:wysi_counter|counter_cell[6]  ; lpm_counter:cnt_rtl_0|alt_counter_f10ke:wysi_counter|counter_cell[3]  ; clk_50Mhz  ; clk_50Mhz ; None                        ; None                      ; 10.500 ns               ;
; N/A                                     ; 86.21 MHz ( period = 11.600 ns )                    ; lpm_counter:cnt_rtl_0|alt_counter_f10ke:wysi_counter|counter_cell[6]  ; lpm_counter:cnt_rtl_0|alt_counter_f10ke:wysi_counter|counter_cell[2]  ; clk_50Mhz  ; clk_50Mhz ; None                        ; None                      ; 10.500 ns               ;
; N/A                                     ; 86.21 MHz ( period = 11.600 ns )                    ; lpm_counter:cnt_rtl_0|alt_counter_f10ke:wysi_counter|counter_cell[6]  ; lpm_counter:cnt_rtl_0|alt_counter_f10ke:wysi_counter|counter_cell[1]  ; clk_50Mhz  ; clk_50Mhz ; None                        ; None                      ; 10.500 ns               ;
; N/A                                     ; 86.21 MHz ( period = 11.600 ns )                    ; lpm_counter:cnt_rtl_0|alt_counter_f10ke:wysi_counter|counter_cell[6]  ; lpm_counter:cnt_rtl_0|alt_counter_f10ke:wysi_counter|counter_cell[0]  ; clk_50Mhz  ; clk_50Mhz ; None                        ; None                      ; 10.500 ns               ;
; N/A                                     ; 86.21 MHz ( period = 11.600 ns )                    ; lpm_counter:cnt_rtl_0|alt_counter_f10ke:wysi_counter|counter_cell[6]  ; lpm_counter:cnt_rtl_0|alt_counter_f10ke:wysi_counter|counter_cell[8]  ; clk_50Mhz  ; clk_50Mhz ; None                        ; None                      ; 10.500 ns               ;
; N/A                                     ; 86.21 MHz ( period = 11.600 ns )                    ; lpm_counter:cnt_rtl_0|alt_counter_f10ke:wysi_counter|counter_cell[6]  ; lpm_counter:cnt_rtl_0|alt_counter_f10ke:wysi_counter|counter_cell[7]  ; clk_50Mhz  ; clk_50Mhz ; None                        ; None                      ; 10.500 ns               ;
; N/A                                     ; 86.21 MHz ( period = 11.600 ns )                    ; lpm_counter:cnt_rtl_0|alt_counter_f10ke:wysi_counter|counter_cell[6]  ; lpm_counter:cnt_rtl_0|alt_counter_f10ke:wysi_counter|counter_cell[12] ; clk_50Mhz  ; clk_50Mhz ; None                        ; None                      ; 10.500 ns               ;
; N/A                                     ; 86.21 MHz ( period = 11.600 ns )                    ; lpm_counter:cnt_rtl_0|alt_counter_f10ke:wysi_counter|counter_cell[6]  ; lpm_counter:cnt_rtl_0|alt_counter_f10ke:wysi_counter|counter_cell[11] ; clk_50Mhz  ; clk_50Mhz ; None                        ; None                      ; 10.500 ns               ;
; N/A                                     ; 86.21 MHz ( period = 11.600 ns )                    ; lpm_counter:cnt_rtl_0|alt_counter_f10ke:wysi_counter|counter_cell[6]  ; lpm_counter:cnt_rtl_0|alt_counter_f10ke:wysi_counter|counter_cell[10] ; clk_50Mhz  ; clk_50Mhz ; None                        ; None                      ; 10.500 ns               ;
; N/A                                     ; 86.21 MHz ( period = 11.600 ns )                    ; lpm_counter:cnt_rtl_0|alt_counter_f10ke:wysi_counter|counter_cell[6]  ; lpm_counter:cnt_rtl_0|alt_counter_f10ke:wysi_counter|counter_cell[9]  ; clk_50Mhz  ; clk_50Mhz ; None                        ; None                      ; 10.500 ns               ;
; N/A                                     ; 86.21 MHz ( period = 11.600 ns )                    ; lpm_counter:cnt_rtl_0|alt_counter_f10ke:wysi_counter|counter_cell[6]  ; lpm_counter:cnt_rtl_0|alt_counter_f10ke:wysi_counter|counter_cell[14] ; clk_50Mhz  ; clk_50Mhz ; None                        ; None                      ; 10.500 ns               ;
; N/A                                     ; 86.21 MHz ( period = 11.600 ns )                    ; lpm_counter:cnt_rtl_0|alt_counter_f10ke:wysi_counter|counter_cell[6]  ; lpm_counter:cnt_rtl_0|alt_counter_f10ke:wysi_counter|counter_cell[13] ; clk_50Mhz  ; clk_50Mhz ; None                        ; None                      ; 10.500 ns               ;
; N/A                                     ; 86.21 MHz ( period = 11.600 ns )                    ; lpm_counter:cnt_rtl_0|alt_counter_f10ke:wysi_counter|counter_cell[4]  ; lpm_counter:cnt_rtl_0|alt_counter_f10ke:wysi_counter|counter_cell[23] ; clk_50Mhz  ; clk_50Mhz ; None                        ; None                      ; 10.500 ns               ;
; N/A                                     ; 86.21 MHz ( period = 11.600 ns )                    ; lpm_counter:cnt_rtl_0|alt_counter_f10ke:wysi_counter|counter_cell[3]  ; lpm_counter:cnt_rtl_0|alt_counter_f10ke:wysi_counter|counter_cell[23] ; clk_50Mhz  ; clk_50Mhz ; None                        ; None                      ; 10.500 ns               ;
; N/A                                     ; 86.21 MHz ( period = 11.600 ns )                    ; lpm_counter:cnt_rtl_0|alt_counter_f10ke:wysi_counter|counter_cell[4]  ; lpm_counter:cnt_rtl_0|alt_counter_f10ke:wysi_counter|counter_cell[22] ; clk_50Mhz  ; clk_50Mhz ; None                        ; None                      ; 10.500 ns               ;
; N/A                                     ; 86.21 MHz ( period = 11.600 ns )                    ; lpm_counter:cnt_rtl_0|alt_counter_f10ke:wysi_counter|counter_cell[3]  ; lpm_counter:cnt_rtl_0|alt_counter_f10ke:wysi_counter|counter_cell[22] ; clk_50Mhz  ; clk_50Mhz ; None                        ; None                      ; 10.500 ns               ;
; N/A                                     ; 86.21 MHz ( period = 11.600 ns )                    ; lpm_counter:cnt_rtl_0|alt_counter_f10ke:wysi_counter|counter_cell[4]  ; lpm_counter:cnt_rtl_0|alt_counter_f10ke:wysi_counter|counter_cell[21] ; clk_50Mhz  ; clk_50Mhz ; None                        ; None                      ; 10.500 ns               ;
; N/A                                     ; 86.21 MHz ( period = 11.600 ns )                    ; lpm_counter:cnt_rtl_0|alt_counter_f10ke:wysi_counter|counter_cell[3]  ; lpm_counter:cnt_rtl_0|alt_counter_f10ke:wysi_counter|counter_cell[21] ; clk_50Mhz  ; clk_50Mhz ; None                        ; None                      ; 10.500 ns               ;
; N/A                                     ; 86.21 MHz ( period = 11.600 ns )                    ; lpm_counter:cnt_rtl_0|alt_counter_f10ke:wysi_counter|counter_cell[4]  ; lpm_counter:cnt_rtl_0|alt_counter_f10ke:wysi_counter|counter_cell[20] ; clk_50Mhz  ; clk_50Mhz ; None                        ; None                      ; 10.500 ns               ;
; N/A                                     ; 86.21 MHz ( period = 11.600 ns )                    ; lpm_counter:cnt_rtl_0|alt_counter_f10ke:wysi_counter|counter_cell[3]  ; lpm_counter:cnt_rtl_0|alt_counter_f10ke:wysi_counter|counter_cell[20] ; clk_50Mhz  ; clk_50Mhz ; None                        ; None                      ; 10.500 ns               ;
; N/A                                     ; 86.21 MHz ( period = 11.600 ns )                    ; lpm_counter:cnt_rtl_0|alt_counter_f10ke:wysi_counter|counter_cell[4]  ; lpm_counter:cnt_rtl_0|alt_counter_f10ke:wysi_counter|counter_cell[19] ; clk_50Mhz  ; clk_50Mhz ; None                        ; None                      ; 10.500 ns               ;
; N/A                                     ; 86.21 MHz ( period = 11.600 ns )                    ; lpm_counter:cnt_rtl_0|alt_counter_f10ke:wysi_counter|counter_cell[3]  ; lpm_counter:cnt_rtl_0|alt_counter_f10ke:wysi_counter|counter_cell[19] ; clk_50Mhz  ; clk_50Mhz ; None                        ; None                      ; 10.500 ns               ;
; N/A                                     ; 86.21 MHz ( period = 11.600 ns )                    ; lpm_counter:cnt_rtl_0|alt_counter_f10ke:wysi_counter|counter_cell[4]  ; lpm_counter:cnt_rtl_0|alt_counter_f10ke:wysi_counter|counter_cell[18] ; clk_50Mhz  ; clk_50Mhz ; None                        ; None                      ; 10.500 ns               ;
; N/A                                     ; 86.21 MHz ( period = 11.600 ns )                    ; lpm_counter:cnt_rtl_0|alt_counter_f10ke:wysi_counter|counter_cell[3]  ; lpm_counter:cnt_rtl_0|alt_counter_f10ke:wysi_counter|counter_cell[18] ; clk_50Mhz  ; clk_50Mhz ; None                        ; None                      ; 10.500 ns               ;
; N/A                                     ; 86.21 MHz ( period = 11.600 ns )                    ; lpm_counter:cnt_rtl_0|alt_counter_f10ke:wysi_counter|counter_cell[4]  ; lpm_counter:cnt_rtl_0|alt_counter_f10ke:wysi_counter|counter_cell[17] ; clk_50Mhz  ; clk_50Mhz ; None                        ; None                      ; 10.500 ns               ;
; N/A                                     ; 86.21 MHz ( period = 11.600 ns )                    ; lpm_counter:cnt_rtl_0|alt_counter_f10ke:wysi_counter|counter_cell[3]  ; lpm_counter:cnt_rtl_0|alt_counter_f10ke:wysi_counter|counter_cell[17] ; clk_50Mhz  ; clk_50Mhz ; None                        ; None                      ; 10.500 ns               ;
; N/A                                     ; 86.21 MHz ( period = 11.600 ns )                    ; lpm_counter:cnt_rtl_0|alt_counter_f10ke:wysi_counter|counter_cell[4]  ; lpm_counter:cnt_rtl_0|alt_counter_f10ke:wysi_counter|counter_cell[16] ; clk_50Mhz  ; clk_50Mhz ; None                        ; None                      ; 10.500 ns               ;
; N/A                                     ; 86.21 MHz ( period = 11.600 ns )                    ; lpm_counter:cnt_rtl_0|alt_counter_f10ke:wysi_counter|counter_cell[3]  ; lpm_counter:cnt_rtl_0|alt_counter_f10ke:wysi_counter|counter_cell[16] ; clk_50Mhz  ; clk_50Mhz ; None                        ; None                      ; 10.500 ns               ;
; N/A                                     ; 86.21 MHz ( period = 11.600 ns )                    ; lpm_counter:cnt_rtl_0|alt_counter_f10ke:wysi_counter|counter_cell[6]  ; lpm_counter:cnt_rtl_0|alt_counter_f10ke:wysi_counter|counter_cell[15] ; clk_50Mhz  ; clk_50Mhz ; None                        ; None                      ; 10.500 ns               ;
; N/A                                     ; 86.96 MHz ( period = 11.500 ns )                    ; lpm_counter:cnt_rtl_0|alt_counter_f10ke:wysi_counter|counter_cell[8]  ; lpm_counter:cnt_rtl_0|alt_counter_f10ke:wysi_counter|counter_cell[31] ; clk_50Mhz  ; clk_50Mhz ; None                        ; None                      ; 10.400 ns               ;
; N/A                                     ; 86.96 MHz ( period = 11.500 ns )                    ; lpm_counter:cnt_rtl_0|alt_counter_f10ke:wysi_counter|counter_cell[4]  ; lpm_counter:cnt_rtl_0|alt_counter_f10ke:wysi_counter|counter_cell[6]  ; clk_50Mhz  ; clk_50Mhz ; None                        ; None                      ; 10.400 ns               ;
; N/A                                     ; 86.96 MHz ( period = 11.500 ns )                    ; lpm_counter:cnt_rtl_0|alt_counter_f10ke:wysi_counter|counter_cell[3]  ; lpm_counter:cnt_rtl_0|alt_counter_f10ke:wysi_counter|counter_cell[6]  ; clk_50Mhz  ; clk_50Mhz ; None                        ; None                      ; 10.400 ns               ;
; N/A                                     ; 86.96 MHz ( period = 11.500 ns )                    ; lpm_counter:cnt_rtl_0|alt_counter_f10ke:wysi_counter|counter_cell[4]  ; lpm_counter:cnt_rtl_0|alt_counter_f10ke:wysi_counter|counter_cell[5]  ; clk_50Mhz  ; clk_50Mhz ; None                        ; None                      ; 10.400 ns               ;
; N/A                                     ; 86.96 MHz ( period = 11.500 ns )                    ; lpm_counter:cnt_rtl_0|alt_counter_f10ke:wysi_counter|counter_cell[3]  ; lpm_counter:cnt_rtl_0|alt_counter_f10ke:wysi_counter|counter_cell[5]  ; clk_50Mhz  ; clk_50Mhz ; None                        ; None                      ; 10.400 ns               ;
; N/A                                     ; 86.96 MHz ( period = 11.500 ns )                    ; lpm_counter:cnt_rtl_0|alt_counter_f10ke:wysi_counter|counter_cell[4]  ; lpm_counter:cnt_rtl_0|alt_counter_f10ke:wysi_counter|counter_cell[4]  ; clk_50Mhz  ; clk_50Mhz ; None                        ; None                      ; 10.400 ns               ;
; N/A                                     ; 86.96 MHz ( period = 11.500 ns )                    ; lpm_counter:cnt_rtl_0|alt_counter_f10ke:wysi_counter|counter_cell[3]  ; lpm_counter:cnt_rtl_0|alt_counter_f10ke:wysi_counter|counter_cell[4]  ; clk_50Mhz  ; clk_50Mhz ; None                        ; None                      ; 10.400 ns               ;
; N/A                                     ; 86.96 MHz ( period = 11.500 ns )                    ; lpm_counter:cnt_rtl_0|alt_counter_f10ke:wysi_counter|counter_cell[4]  ; lpm_counter:cnt_rtl_0|alt_counter_f10ke:wysi_counter|counter_cell[3]  ; clk_50Mhz  ; clk_50Mhz ; None                        ; None                      ; 10.400 ns               ;
; N/A                                     ; 86.96 MHz ( period = 11.500 ns )                    ; lpm_counter:cnt_rtl_0|alt_counter_f10ke:wysi_counter|counter_cell[3]  ; lpm_counter:cnt_rtl_0|alt_counter_f10ke:wysi_counter|counter_cell[3]  ; clk_50Mhz  ; clk_50Mhz ; None                        ; None                      ; 10.400 ns               ;
; N/A                                     ; 86.96 MHz ( period = 11.500 ns )                    ; lpm_counter:cnt_rtl_0|alt_counter_f10ke:wysi_counter|counter_cell[4]  ; lpm_counter:cnt_rtl_0|alt_counter_f10ke:wysi_counter|counter_cell[2]  ; clk_50Mhz  ; clk_50Mhz ; None                        ; None                      ; 10.400 ns               ;
; N/A                                     ; 86.96 MHz ( period = 11.500 ns )                    ; lpm_counter:cnt_rtl_0|alt_counter_f10ke:wysi_counter|counter_cell[3]  ; lpm_counter:cnt_rtl_0|alt_counter_f10ke:wysi_counter|counter_cell[2]  ; clk_50Mhz  ; clk_50Mhz ; None                        ; None                      ; 10.400 ns               ;
; N/A                                     ; 86.96 MHz ( period = 11.500 ns )                    ; lpm_counter:cnt_rtl_0|alt_counter_f10ke:wysi_counter|counter_cell[4]  ; lpm_counter:cnt_rtl_0|alt_counter_f10ke:wysi_counter|counter_cell[1]  ; clk_50Mhz  ; clk_50Mhz ; None                        ; None                      ; 10.400 ns               ;
; N/A                                     ; 86.96 MHz ( period = 11.500 ns )                    ; lpm_counter:cnt_rtl_0|alt_counter_f10ke:wysi_counter|counter_cell[3]  ; lpm_counter:cnt_rtl_0|alt_counter_f10ke:wysi_counter|counter_cell[1]  ; clk_50Mhz  ; clk_50Mhz ; None                        ; None                      ; 10.400 ns               ;
; N/A                                     ; 86.96 MHz ( period = 11.500 ns )                    ; lpm_counter:cnt_rtl_0|alt_counter_f10ke:wysi_counter|counter_cell[4]  ; lpm_counter:cnt_rtl_0|alt_counter_f10ke:wysi_counter|counter_cell[0]  ; clk_50Mhz  ; clk_50Mhz ; None                        ; None                      ; 10.400 ns               ;
; N/A                                     ; 86.96 MHz ( period = 11.500 ns )                    ; lpm_counter:cnt_rtl_0|alt_counter_f10ke:wysi_counter|counter_cell[3]  ; lpm_counter:cnt_rtl_0|alt_counter_f10ke:wysi_counter|counter_cell[0]  ; clk_50Mhz  ; clk_50Mhz ; None                        ; None                      ; 10.400 ns               ;
; N/A                                     ; 86.96 MHz ( period = 11.500 ns )                    ; lpm_counter:cnt_rtl_0|alt_counter_f10ke:wysi_counter|counter_cell[4]  ; lpm_counter:cnt_rtl_0|alt_counter_f10ke:wysi_counter|counter_cell[8]  ; clk_50Mhz  ; clk_50Mhz ; None                        ; None                      ; 10.400 ns               ;
; N/A                                     ; 86.96 MHz ( period = 11.500 ns )                    ; lpm_counter:cnt_rtl_0|alt_counter_f10ke:wysi_counter|counter_cell[3]  ; lpm_counter:cnt_rtl_0|alt_counter_f10ke:wysi_counter|counter_cell[8]  ; clk_50Mhz  ; clk_50Mhz ; None                        ; None                      ; 10.400 ns               ;
; N/A                                     ; 86.96 MHz ( period = 11.500 ns )                    ; lpm_counter:cnt_rtl_0|alt_counter_f10ke:wysi_counter|counter_cell[4]  ; lpm_counter:cnt_rtl_0|alt_counter_f10ke:wysi_counter|counter_cell[7]  ; clk_50Mhz  ; clk_50Mhz ; None                        ; None                      ; 10.400 ns               ;
; N/A                                     ; 86.96 MHz ( period = 11.500 ns )                    ; lpm_counter:cnt_rtl_0|alt_counter_f10ke:wysi_counter|counter_cell[3]  ; lpm_counter:cnt_rtl_0|alt_counter_f10ke:wysi_counter|counter_cell[7]  ; clk_50Mhz  ; clk_50Mhz ; None                        ; None                      ; 10.400 ns               ;
; N/A                                     ; 86.96 MHz ( period = 11.500 ns )                    ; lpm_counter:cnt_rtl_0|alt_counter_f10ke:wysi_counter|counter_cell[4]  ; lpm_counter:cnt_rtl_0|alt_counter_f10ke:wysi_counter|counter_cell[12] ; clk_50Mhz  ; clk_50Mhz ; None                        ; None                      ; 10.400 ns               ;
; N/A                                     ; 86.96 MHz ( period = 11.500 ns )                    ; lpm_counter:cnt_rtl_0|alt_counter_f10ke:wysi_counter|counter_cell[3]  ; lpm_counter:cnt_rtl_0|alt_counter_f10ke:wysi_counter|counter_cell[12] ; clk_50Mhz  ; clk_50Mhz ; None                        ; None                      ; 10.400 ns               ;
; N/A                                     ; 86.96 MHz ( period = 11.500 ns )                    ; lpm_counter:cnt_rtl_0|alt_counter_f10ke:wysi_counter|counter_cell[4]  ; lpm_counter:cnt_rtl_0|alt_counter_f10ke:wysi_counter|counter_cell[11] ; clk_50Mhz  ; clk_50Mhz ; None                        ; None                      ; 10.400 ns               ;
; N/A                                     ; 86.96 MHz ( period = 11.500 ns )                    ; lpm_counter:cnt_rtl_0|alt_counter_f10ke:wysi_counter|counter_cell[3]  ; lpm_counter:cnt_rtl_0|alt_counter_f10ke:wysi_counter|counter_cell[11] ; clk_50Mhz  ; clk_50Mhz ; None                        ; None                      ; 10.400 ns               ;
; N/A                                     ; 86.96 MHz ( period = 11.500 ns )                    ; lpm_counter:cnt_rtl_0|alt_counter_f10ke:wysi_counter|counter_cell[4]  ; lpm_counter:cnt_rtl_0|alt_counter_f10ke:wysi_counter|counter_cell[10] ; clk_50Mhz  ; clk_50Mhz ; None                        ; None                      ; 10.400 ns               ;
; N/A                                     ; 86.96 MHz ( period = 11.500 ns )                    ; lpm_counter:cnt_rtl_0|alt_counter_f10ke:wysi_counter|counter_cell[3]  ; lpm_counter:cnt_rtl_0|alt_counter_f10ke:wysi_counter|counter_cell[10] ; clk_50Mhz  ; clk_50Mhz ; None                        ; None                      ; 10.400 ns               ;
; N/A                                     ; 86.96 MHz ( period = 11.500 ns )                    ; lpm_counter:cnt_rtl_0|alt_counter_f10ke:wysi_counter|counter_cell[4]  ; lpm_counter:cnt_rtl_0|alt_counter_f10ke:wysi_counter|counter_cell[9]  ; clk_50Mhz  ; clk_50Mhz ; None                        ; None                      ; 10.400 ns               ;
; N/A                                     ; 86.96 MHz ( period = 11.500 ns )                    ; lpm_counter:cnt_rtl_0|alt_counter_f10ke:wysi_counter|counter_cell[3]  ; lpm_counter:cnt_rtl_0|alt_counter_f10ke:wysi_counter|counter_cell[9]  ; clk_50Mhz  ; clk_50Mhz ; None                        ; None                      ; 10.400 ns               ;
; N/A                                     ; 86.96 MHz ( period = 11.500 ns )                    ; lpm_counter:cnt_rtl_0|alt_counter_f10ke:wysi_counter|counter_cell[4]  ; lpm_counter:cnt_rtl_0|alt_counter_f10ke:wysi_counter|counter_cell[14] ; clk_50Mhz  ; clk_50Mhz ; None                        ; None                      ; 10.400 ns               ;
; N/A                                     ; 86.96 MHz ( period = 11.500 ns )                    ; lpm_counter:cnt_rtl_0|alt_counter_f10ke:wysi_counter|counter_cell[3]  ; lpm_counter:cnt_rtl_0|alt_counter_f10ke:wysi_counter|counter_cell[14] ; clk_50Mhz  ; clk_50Mhz ; None                        ; None                      ; 10.400 ns               ;
; N/A                                     ; 86.96 MHz ( period = 11.500 ns )                    ; lpm_counter:cnt_rtl_0|alt_counter_f10ke:wysi_counter|counter_cell[4]  ; lpm_counter:cnt_rtl_0|alt_counter_f10ke:wysi_counter|counter_cell[13] ; clk_50Mhz  ; clk_50Mhz ; None                        ; None                      ; 10.400 ns               ;
; N/A                                     ; 86.96 MHz ( period = 11.500 ns )                    ; lpm_counter:cnt_rtl_0|alt_counter_f10ke:wysi_counter|counter_cell[3]  ; lpm_counter:cnt_rtl_0|alt_counter_f10ke:wysi_counter|counter_cell[13] ; clk_50Mhz  ; clk_50Mhz ; None                        ; None                      ; 10.400 ns               ;
; N/A                                     ; 86.96 MHz ( period = 11.500 ns )                    ; lpm_counter:cnt_rtl_0|alt_counter_f10ke:wysi_counter|counter_cell[8]  ; lpm_counter:cnt_rtl_0|alt_counter_f10ke:wysi_counter|counter_cell[30] ; clk_50Mhz  ; clk_50Mhz ; None                        ; None                      ; 10.400 ns               ;
; N/A                                     ; 86.96 MHz ( period = 11.500 ns )                    ; lpm_counter:cnt_rtl_0|alt_counter_f10ke:wysi_counter|counter_cell[8]  ; lpm_counter:cnt_rtl_0|alt_counter_f10ke:wysi_counter|counter_cell[29] ; clk_50Mhz  ; clk_50Mhz ; None                        ; None                      ; 10.400 ns               ;
; N/A                                     ; 86.96 MHz ( period = 11.500 ns )                    ; lpm_counter:cnt_rtl_0|alt_counter_f10ke:wysi_counter|counter_cell[8]  ; lpm_counter:cnt_rtl_0|alt_counter_f10ke:wysi_counter|counter_cell[28] ; clk_50Mhz  ; clk_50Mhz ; None                        ; None                      ; 10.400 ns               ;
; N/A                                     ; 86.96 MHz ( period = 11.500 ns )                    ; lpm_counter:cnt_rtl_0|alt_counter_f10ke:wysi_counter|counter_cell[8]  ; lpm_counter:cnt_rtl_0|alt_counter_f10ke:wysi_counter|counter_cell[27] ; clk_50Mhz  ; clk_50Mhz ; None                        ; None                      ; 10.400 ns               ;
; N/A                                     ; 86.96 MHz ( period = 11.500 ns )                    ; lpm_counter:cnt_rtl_0|alt_counter_f10ke:wysi_counter|counter_cell[8]  ; lpm_counter:cnt_rtl_0|alt_counter_f10ke:wysi_counter|counter_cell[26] ; clk_50Mhz  ; clk_50Mhz ; None                        ; None                      ; 10.400 ns               ;
; N/A                                     ; 86.96 MHz ( period = 11.500 ns )                    ; lpm_counter:cnt_rtl_0|alt_counter_f10ke:wysi_counter|counter_cell[8]  ; lpm_counter:cnt_rtl_0|alt_counter_f10ke:wysi_counter|counter_cell[25] ; clk_50Mhz  ; clk_50Mhz ; None                        ; None                      ; 10.400 ns               ;
; N/A                                     ; 86.96 MHz ( period = 11.500 ns )                    ; lpm_counter:cnt_rtl_0|alt_counter_f10ke:wysi_counter|counter_cell[8]  ; lpm_counter:cnt_rtl_0|alt_counter_f10ke:wysi_counter|counter_cell[24] ; clk_50Mhz  ; clk_50Mhz ; None                        ; None                      ; 10.400 ns               ;
; N/A                                     ; 86.96 MHz ( period = 11.500 ns )                    ; lpm_counter:cnt_rtl_0|alt_counter_f10ke:wysi_counter|counter_cell[4]  ; lpm_counter:cnt_rtl_0|alt_counter_f10ke:wysi_counter|counter_cell[15] ; clk_50Mhz  ; clk_50Mhz ; None                        ; None                      ; 10.400 ns               ;
; N/A                                     ; 86.96 MHz ( period = 11.500 ns )                    ; lpm_counter:cnt_rtl_0|alt_counter_f10ke:wysi_counter|counter_cell[3]  ; lpm_counter:cnt_rtl_0|alt_counter_f10ke:wysi_counter|counter_cell[15] ; clk_50Mhz  ; clk_50Mhz ; None                        ; None                      ; 10.400 ns               ;
; N/A                                     ; 87.72 MHz ( period = 11.400 ns )                    ; lpm_counter:cnt_rtl_0|alt_counter_f10ke:wysi_counter|counter_cell[8]  ; lpm_counter:cnt_rtl_0|alt_counter_f10ke:wysi_counter|counter_cell[23] ; clk_50Mhz  ; clk_50Mhz ; None                        ; None                      ; 10.300 ns               ;
; N/A                                     ; 87.72 MHz ( period = 11.400 ns )                    ; lpm_counter:cnt_rtl_0|alt_counter_f10ke:wysi_counter|counter_cell[8]  ; lpm_counter:cnt_rtl_0|alt_counter_f10ke:wysi_counter|counter_cell[22] ; clk_50Mhz  ; clk_50Mhz ; None                        ; None                      ; 10.300 ns               ;
; N/A                                     ; 87.72 MHz ( period = 11.400 ns )                    ; lpm_counter:cnt_rtl_0|alt_counter_f10ke:wysi_counter|counter_cell[8]  ; lpm_counter:cnt_rtl_0|alt_counter_f10ke:wysi_counter|counter_cell[21] ; clk_50Mhz  ; clk_50Mhz ; None                        ; None                      ; 10.300 ns               ;
; N/A                                     ; 87.72 MHz ( period = 11.400 ns )                    ; lpm_counter:cnt_rtl_0|alt_counter_f10ke:wysi_counter|counter_cell[8]  ; lpm_counter:cnt_rtl_0|alt_counter_f10ke:wysi_counter|counter_cell[20] ; clk_50Mhz  ; clk_50Mhz ; None                        ; None                      ; 10.300 ns               ;
; N/A                                     ; 87.72 MHz ( period = 11.400 ns )                    ; lpm_counter:cnt_rtl_0|alt_counter_f10ke:wysi_counter|counter_cell[8]  ; lpm_counter:cnt_rtl_0|alt_counter_f10ke:wysi_counter|counter_cell[19] ; clk_50Mhz  ; clk_50Mhz ; None                        ; None                      ; 10.300 ns               ;
; N/A                                     ; 87.72 MHz ( period = 11.400 ns )                    ; lpm_counter:cnt_rtl_0|alt_counter_f10ke:wysi_counter|counter_cell[8]  ; lpm_counter:cnt_rtl_0|alt_counter_f10ke:wysi_counter|counter_cell[18] ; clk_50Mhz  ; clk_50Mhz ; None                        ; None                      ; 10.300 ns               ;
; N/A                                     ; 87.72 MHz ( period = 11.400 ns )                    ; lpm_counter:cnt_rtl_0|alt_counter_f10ke:wysi_counter|counter_cell[8]  ; lpm_counter:cnt_rtl_0|alt_counter_f10ke:wysi_counter|counter_cell[17] ; clk_50Mhz  ; clk_50Mhz ; None                        ; None                      ; 10.300 ns               ;
; N/A                                     ; 87.72 MHz ( period = 11.400 ns )                    ; lpm_counter:cnt_rtl_0|alt_counter_f10ke:wysi_counter|counter_cell[8]  ; lpm_counter:cnt_rtl_0|alt_counter_f10ke:wysi_counter|counter_cell[16] ; clk_50Mhz  ; clk_50Mhz ; None                        ; None                      ; 10.300 ns               ;
; N/A                                     ; 88.50 MHz ( period = 11.300 ns )                    ; lpm_counter:cnt_rtl_0|alt_counter_f10ke:wysi_counter|counter_cell[8]  ; lpm_counter:cnt_rtl_0|alt_counter_f10ke:wysi_counter|counter_cell[6]  ; clk_50Mhz  ; clk_50Mhz ; None                        ; None                      ; 10.200 ns               ;
; N/A                                     ; 88.50 MHz ( period = 11.300 ns )                    ; lpm_counter:cnt_rtl_0|alt_counter_f10ke:wysi_counter|counter_cell[8]  ; lpm_counter:cnt_rtl_0|alt_counter_f10ke:wysi_counter|counter_cell[5]  ; clk_50Mhz  ; clk_50Mhz ; None                        ; None                      ; 10.200 ns               ;
; N/A                                     ; 88.50 MHz ( period = 11.300 ns )                    ; lpm_counter:cnt_rtl_0|alt_counter_f10ke:wysi_counter|counter_cell[8]  ; lpm_counter:cnt_rtl_0|alt_counter_f10ke:wysi_counter|counter_cell[4]  ; clk_50Mhz  ; clk_50Mhz ; None                        ; None                      ; 10.200 ns               ;
; N/A                                     ; 88.50 MHz ( period = 11.300 ns )                    ; lpm_counter:cnt_rtl_0|alt_counter_f10ke:wysi_counter|counter_cell[8]  ; lpm_counter:cnt_rtl_0|alt_counter_f10ke:wysi_counter|counter_cell[3]  ; clk_50Mhz  ; clk_50Mhz ; None                        ; None                      ; 10.200 ns               ;
; N/A                                     ; 88.50 MHz ( period = 11.300 ns )                    ; lpm_counter:cnt_rtl_0|alt_counter_f10ke:wysi_counter|counter_cell[8]  ; lpm_counter:cnt_rtl_0|alt_counter_f10ke:wysi_counter|counter_cell[2]  ; clk_50Mhz  ; clk_50Mhz ; None                        ; None                      ; 10.200 ns               ;
; N/A                                     ; 88.50 MHz ( period = 11.300 ns )                    ; lpm_counter:cnt_rtl_0|alt_counter_f10ke:wysi_counter|counter_cell[8]  ; lpm_counter:cnt_rtl_0|alt_counter_f10ke:wysi_counter|counter_cell[1]  ; clk_50Mhz  ; clk_50Mhz ; None                        ; None                      ; 10.200 ns               ;
; N/A                                     ; 88.50 MHz ( period = 11.300 ns )                    ; lpm_counter:cnt_rtl_0|alt_counter_f10ke:wysi_counter|counter_cell[8]  ; lpm_counter:cnt_rtl_0|alt_counter_f10ke:wysi_counter|counter_cell[0]  ; clk_50Mhz  ; clk_50Mhz ; None                        ; None                      ; 10.200 ns               ;
; N/A                                     ; 88.50 MHz ( period = 11.300 ns )                    ; lpm_counter:cnt_rtl_0|alt_counter_f10ke:wysi_counter|counter_cell[8]  ; lpm_counter:cnt_rtl_0|alt_counter_f10ke:wysi_counter|counter_cell[8]  ; clk_50Mhz  ; clk_50Mhz ; None                        ; None                      ; 10.200 ns               ;
; N/A                                     ; 88.50 MHz ( period = 11.300 ns )                    ; lpm_counter:cnt_rtl_0|alt_counter_f10ke:wysi_counter|counter_cell[8]  ; lpm_counter:cnt_rtl_0|alt_counter_f10ke:wysi_counter|counter_cell[7]  ; clk_50Mhz  ; clk_50Mhz ; None                        ; None                      ; 10.200 ns               ;
; N/A                                     ; 88.50 MHz ( period = 11.300 ns )                    ; lpm_counter:cnt_rtl_0|alt_counter_f10ke:wysi_counter|counter_cell[8]  ; lpm_counter:cnt_rtl_0|alt_counter_f10ke:wysi_counter|counter_cell[12] ; clk_50Mhz  ; clk_50Mhz ; None                        ; None                      ; 10.200 ns               ;
; N/A                                     ; 88.50 MHz ( period = 11.300 ns )                    ; lpm_counter:cnt_rtl_0|alt_counter_f10ke:wysi_counter|counter_cell[8]  ; lpm_counter:cnt_rtl_0|alt_counter_f10ke:wysi_counter|counter_cell[11] ; clk_50Mhz  ; clk_50Mhz ; None                        ; None                      ; 10.200 ns               ;
; N/A                                     ; 88.50 MHz ( period = 11.300 ns )                    ; lpm_counter:cnt_rtl_0|alt_counter_f10ke:wysi_counter|counter_cell[8]  ; lpm_counter:cnt_rtl_0|alt_counter_f10ke:wysi_counter|counter_cell[10] ; clk_50Mhz  ; clk_50Mhz ; None                        ; None                      ; 10.200 ns               ;
; N/A                                     ; 88.50 MHz ( period = 11.300 ns )                    ; lpm_counter:cnt_rtl_0|alt_counter_f10ke:wysi_counter|counter_cell[8]  ; lpm_counter:cnt_rtl_0|alt_counter_f10ke:wysi_counter|counter_cell[9]  ; clk_50Mhz  ; clk_50Mhz ; None                        ; None                      ; 10.200 ns               ;
; N/A                                     ; 88.50 MHz ( period = 11.300 ns )                    ; lpm_counter:cnt_rtl_0|alt_counter_f10ke:wysi_counter|counter_cell[8]  ; lpm_counter:cnt_rtl_0|alt_counter_f10ke:wysi_counter|counter_cell[14] ; clk_50Mhz  ; clk_50Mhz ; None                        ; None                      ; 10.200 ns               ;
; N/A                                     ; 88.50 MHz ( period = 11.300 ns )                    ; lpm_counter:cnt_rtl_0|alt_counter_f10ke:wysi_counter|counter_cell[8]  ; lpm_counter:cnt_rtl_0|alt_counter_f10ke:wysi_counter|counter_cell[13] ; clk_50Mhz  ; clk_50Mhz ; None                        ; None                      ; 10.200 ns               ;
; N/A                                     ; 88.50 MHz ( period = 11.300 ns )                    ; lpm_counter:cnt_rtl_0|alt_counter_f10ke:wysi_counter|counter_cell[8]  ; lpm_counter:cnt_rtl_0|alt_counter_f10ke:wysi_counter|counter_cell[15] ; clk_50Mhz  ; clk_50Mhz ; None                        ; None                      ; 10.200 ns               ;
; N/A                                     ; 95.24 MHz ( period = 10.500 ns )                    ; lpm_counter:cnt_rtl_0|alt_counter_f10ke:wysi_counter|counter_cell[5]  ; clk_out                                                               ; clk_50Mhz  ; clk_50Mhz ; None                        ; None                      ; 9.400 ns                ;
; N/A                                     ; 95.24 MHz ( period = 10.500 ns )                    ; lpm_counter:cnt_rtl_0|alt_counter_f10ke:wysi_counter|counter_cell[12] ; clk_out                                                               ; clk_50Mhz  ; clk_50Mhz ; None                        ; None                      ; 9.400 ns                ;
; N/A                                     ; 95.24 MHz ( period = 10.500 ns )                    ; lpm_counter:cnt_rtl_0|alt_counter_f10ke:wysi_counter|counter_cell[26] ; clk_out                                                               ; clk_50Mhz  ; clk_50Mhz ; None                        ; None                      ; 9.400 ns                ;
; N/A                                     ; 96.15 MHz ( period = 10.400 ns )                    ; lpm_counter:cnt_rtl_0|alt_counter_f10ke:wysi_counter|counter_cell[11] ; clk_out                                                               ; clk_50Mhz  ; clk_50Mhz ; None                        ; None                      ; 9.300 ns                ;
; N/A                                     ; 96.15 MHz ( period = 10.400 ns )                    ; lpm_counter:cnt_rtl_0|alt_counter_f10ke:wysi_counter|counter_cell[10] ; clk_out                                                               ; clk_50Mhz  ; clk_50Mhz ; None                        ; None                      ; 9.300 ns                ;
; N/A                                     ; 96.15 MHz ( period = 10.400 ns )                    ; lpm_counter:cnt_rtl_0|alt_counter_f10ke:wysi_counter|counter_cell[25] ; clk_out                                                               ; clk_50Mhz  ; clk_50Mhz ; None                        ; None                      ; 9.300 ns                ;
; N/A                                     ; 96.15 MHz ( period = 10.400 ns )                    ; lpm_counter:cnt_rtl_0|alt_counter_f10ke:wysi_counter|counter_cell[24] ; clk_out                                                               ; clk_50Mhz  ; clk_50Mhz ; None                        ; None                      ; 9.300 ns                ;
; N/A                                     ; 96.15 MHz ( period = 10.400 ns )                    ; lpm_counter:cnt_rtl_0|alt_counter_f10ke:wysi_counter|counter_cell[18] ; clk_out                                                               ; clk_50Mhz  ; clk_50Mhz ; None                        ; None                      ; 9.300 ns                ;
; N/A                                     ; 97.09 MHz ( period = 10.300 ns )                    ; lpm_counter:cnt_rtl_0|alt_counter_f10ke:wysi_counter|counter_cell[7]  ; clk_out                                                               ; clk_50Mhz  ; clk_50Mhz ; None                        ; None                      ; 9.200 ns                ;
; N/A                                     ; 97.09 MHz ( period = 10.300 ns )                    ; lpm_counter:cnt_rtl_0|alt_counter_f10ke:wysi_counter|counter_cell[23] ; clk_out                                                               ; clk_50Mhz  ; clk_50Mhz ; None                        ; None                      ; 9.200 ns                ;
; N/A                                     ; 97.09 MHz ( period = 10.300 ns )                    ; lpm_counter:cnt_rtl_0|alt_counter_f10ke:wysi_counter|counter_cell[17] ; clk_out                                                               ; clk_50Mhz  ; clk_50Mhz ; None                        ; None                      ; 9.200 ns                ;
; N/A                                     ; 97.09 MHz ( period = 10.300 ns )                    ; lpm_counter:cnt_rtl_0|alt_counter_f10ke:wysi_counter|counter_cell[16] ; clk_out                                                               ; clk_50Mhz  ; clk_50Mhz ; None                        ; None                      ; 9.200 ns                ;
; N/A                                     ; 98.04 MHz ( period = 10.200 ns )                    ; lpm_counter:cnt_rtl_0|alt_counter_f10ke:wysi_counter|counter_cell[9]  ; clk_out                                                               ; clk_50Mhz  ; clk_50Mhz ; None                        ; None                      ; 9.100 ns                ;
; N/A                                     ; 98.04 MHz ( period = 10.200 ns )                    ; lpm_counter:cnt_rtl_0|alt_counter_f10ke:wysi_counter|counter_cell[15] ; clk_out                                                               ; clk_50Mhz  ; clk_50Mhz ; None                        ; None                      ; 9.100 ns                ;
; N/A                                     ; 103.09 MHz ( period = 9.700 ns )                    ; lpm_counter:cnt_rtl_0|alt_counter_f10ke:wysi_counter|counter_cell[5]  ; lpm_counter:cnt_rtl_0|alt_counter_f10ke:wysi_counter|counter_cell[31] ; clk_50Mhz  ; clk_50Mhz ; None                        ; None                      ; 8.600 ns                ;
; N/A                                     ; 103.09 MHz ( period = 9.700 ns )                    ; lpm_counter:cnt_rtl_0|alt_counter_f10ke:wysi_counter|counter_cell[12] ; lpm_counter:cnt_rtl_0|alt_counter_f10ke:wysi_counter|counter_cell[31] ; clk_50Mhz  ; clk_50Mhz ; None                        ; None                      ; 8.600 ns                ;
; N/A                                     ; 103.09 MHz ( period = 9.700 ns )                    ; lpm_counter:cnt_rtl_0|alt_counter_f10ke:wysi_counter|counter_cell[26] ; lpm_counter:cnt_rtl_0|alt_counter_f10ke:wysi_counter|counter_cell[31] ; clk_50Mhz  ; clk_50Mhz ; None                        ; None                      ; 8.600 ns                ;
; N/A                                     ; 103.09 MHz ( period = 9.700 ns )                    ; lpm_counter:cnt_rtl_0|alt_counter_f10ke:wysi_counter|counter_cell[5]  ; lpm_counter:cnt_rtl_0|alt_counter_f10ke:wysi_counter|counter_cell[30] ; clk_50Mhz  ; clk_50Mhz ; None                        ; None                      ; 8.600 ns                ;
; N/A                                     ; 103.09 MHz ( period = 9.700 ns )                    ; lpm_counter:cnt_rtl_0|alt_counter_f10ke:wysi_counter|counter_cell[12] ; lpm_counter:cnt_rtl_0|alt_counter_f10ke:wysi_counter|counter_cell[30] ; clk_50Mhz  ; clk_50Mhz ; None                        ; None                      ; 8.600 ns                ;
; N/A                                     ; 103.09 MHz ( period = 9.700 ns )                    ; lpm_counter:cnt_rtl_0|alt_counter_f10ke:wysi_counter|counter_cell[26] ; lpm_counter:cnt_rtl_0|alt_counter_f10ke:wysi_counter|counter_cell[30] ; clk_50Mhz  ; clk_50Mhz ; None                        ; None                      ; 8.600 ns                ;
; N/A                                     ; 103.09 MHz ( period = 9.700 ns )                    ; lpm_counter:cnt_rtl_0|alt_counter_f10ke:wysi_counter|counter_cell[5]  ; lpm_counter:cnt_rtl_0|alt_counter_f10ke:wysi_counter|counter_cell[29] ; clk_50Mhz  ; clk_50Mhz ; None                        ; None                      ; 8.600 ns                ;
; N/A                                     ; 103.09 MHz ( period = 9.700 ns )                    ; lpm_counter:cnt_rtl_0|alt_counter_f10ke:wysi_counter|counter_cell[12] ; lpm_counter:cnt_rtl_0|alt_counter_f10ke:wysi_counter|counter_cell[29] ; clk_50Mhz  ; clk_50Mhz ; None                        ; None                      ; 8.600 ns                ;
; N/A                                     ; 103.09 MHz ( period = 9.700 ns )                    ; lpm_counter:cnt_rtl_0|alt_counter_f10ke:wysi_counter|counter_cell[26] ; lpm_counter:cnt_rtl_0|alt_counter_f10ke:wysi_counter|counter_cell[29] ; clk_50Mhz  ; clk_50Mhz ; None                        ; None                      ; 8.600 ns                ;
; N/A                                     ; 103.09 MHz ( period = 9.700 ns )                    ; lpm_counter:cnt_rtl_0|alt_counter_f10ke:wysi_counter|counter_cell[5]  ; lpm_counter:cnt_rtl_0|alt_counter_f10ke:wysi_counter|counter_cell[28] ; clk_50Mhz  ; clk_50Mhz ; None                        ; None                      ; 8.600 ns                ;
; N/A                                     ; 103.09 MHz ( period = 9.700 ns )                    ; lpm_counter:cnt_rtl_0|alt_counter_f10ke:wysi_counter|counter_cell[12] ; lpm_counter:cnt_rtl_0|alt_counter_f10ke:wysi_counter|counter_cell[28] ; clk_50Mhz  ; clk_50Mhz ; None                        ; None                      ; 8.600 ns                ;
; N/A                                     ; 103.09 MHz ( period = 9.700 ns )                    ; lpm_counter:cnt_rtl_0|alt_counter_f10ke:wysi_counter|counter_cell[26] ; lpm_counter:cnt_rtl_0|alt_counter_f10ke:wysi_counter|counter_cell[28] ; clk_50Mhz  ; clk_50Mhz ; None                        ; None                      ; 8.600 ns                ;
; N/A                                     ; 103.09 MHz ( period = 9.700 ns )                    ; lpm_counter:cnt_rtl_0|alt_counter_f10ke:wysi_counter|counter_cell[5]  ; lpm_counter:cnt_rtl_0|alt_counter_f10ke:wysi_counter|counter_cell[27] ; clk_50Mhz  ; clk_50Mhz ; None                        ; None                      ; 8.600 ns                ;
; N/A                                     ; 103.09 MHz ( period = 9.700 ns )                    ; lpm_counter:cnt_rtl_0|alt_counter_f10ke:wysi_counter|counter_cell[12] ; lpm_counter:cnt_rtl_0|alt_counter_f10ke:wysi_counter|counter_cell[27] ; clk_50Mhz  ; clk_50Mhz ; None                        ; None                      ; 8.600 ns                ;
; N/A                                     ; 103.09 MHz ( period = 9.700 ns )                    ; lpm_counter:cnt_rtl_0|alt_counter_f10ke:wysi_counter|counter_cell[26] ; lpm_counter:cnt_rtl_0|alt_counter_f10ke:wysi_counter|counter_cell[27] ; clk_50Mhz  ; clk_50Mhz ; None                        ; None                      ; 8.600 ns                ;
; N/A                                     ; 103.09 MHz ( period = 9.700 ns )                    ; lpm_counter:cnt_rtl_0|alt_counter_f10ke:wysi_counter|counter_cell[5]  ; lpm_counter:cnt_rtl_0|alt_counter_f10ke:wysi_counter|counter_cell[26] ; clk_50Mhz  ; clk_50Mhz ; None                        ; None                      ; 8.600 ns                ;
; N/A                                     ; 103.09 MHz ( period = 9.700 ns )                    ; lpm_counter:cnt_rtl_0|alt_counter_f10ke:wysi_counter|counter_cell[12] ; lpm_counter:cnt_rtl_0|alt_counter_f10ke:wysi_counter|counter_cell[26] ; clk_50Mhz  ; clk_50Mhz ; None                        ; None                      ; 8.600 ns                ;
; N/A                                     ; 103.09 MHz ( period = 9.700 ns )                    ; lpm_counter:cnt_rtl_0|alt_counter_f10ke:wysi_counter|counter_cell[26] ; lpm_counter:cnt_rtl_0|alt_counter_f10ke:wysi_counter|counter_cell[26] ; clk_50Mhz  ; clk_50Mhz ; None                        ; None                      ; 8.600 ns                ;
; N/A                                     ; 103.09 MHz ( period = 9.700 ns )                    ; lpm_counter:cnt_rtl_0|alt_counter_f10ke:wysi_counter|counter_cell[5]  ; lpm_counter:cnt_rtl_0|alt_counter_f10ke:wysi_counter|counter_cell[25] ; clk_50Mhz  ; clk_50Mhz ; None                        ; None                      ; 8.600 ns                ;
; N/A                                     ; 103.09 MHz ( period = 9.700 ns )                    ; lpm_counter:cnt_rtl_0|alt_counter_f10ke:wysi_counter|counter_cell[12] ; lpm_counter:cnt_rtl_0|alt_counter_f10ke:wysi_counter|counter_cell[25] ; clk_50Mhz  ; clk_50Mhz ; None                        ; None                      ; 8.600 ns                ;
; N/A                                     ; 103.09 MHz ( period = 9.700 ns )                    ; lpm_counter:cnt_rtl_0|alt_counter_f10ke:wysi_counter|counter_cell[26] ; lpm_counter:cnt_rtl_0|alt_counter_f10ke:wysi_counter|counter_cell[25] ; clk_50Mhz  ; clk_50Mhz ; None                        ; None                      ; 8.600 ns                ;
; N/A                                     ; 103.09 MHz ( period = 9.700 ns )                    ; lpm_counter:cnt_rtl_0|alt_counter_f10ke:wysi_counter|counter_cell[5]  ; lpm_counter:cnt_rtl_0|alt_counter_f10ke:wysi_counter|counter_cell[24] ; clk_50Mhz  ; clk_50Mhz ; None                        ; None                      ; 8.600 ns                ;
; N/A                                     ; 103.09 MHz ( period = 9.700 ns )                    ; lpm_counter:cnt_rtl_0|alt_counter_f10ke:wysi_counter|counter_cell[12] ; lpm_counter:cnt_rtl_0|alt_counter_f10ke:wysi_counter|counter_cell[24] ; clk_50Mhz  ; clk_50Mhz ; None                        ; None                      ; 8.600 ns                ;
; N/A                                     ; 103.09 MHz ( period = 9.700 ns )                    ; lpm_counter:cnt_rtl_0|alt_counter_f10ke:wysi_counter|counter_cell[26] ; lpm_counter:cnt_rtl_0|alt_counter_f10ke:wysi_counter|counter_cell[24] ; clk_50Mhz  ; clk_50Mhz ; None                        ; None                      ; 8.600 ns                ;
; N/A                                     ; 104.17 MHz ( period = 9.600 ns )                    ; lpm_counter:cnt_rtl_0|alt_counter_f10ke:wysi_counter|counter_cell[24] ; lpm_counter:cnt_rtl_0|alt_counter_f10ke:wysi_counter|counter_cell[25] ; clk_50Mhz  ; clk_50Mhz ; None                        ; None                      ; 8.500 ns                ;
; N/A                                     ; 104.17 MHz ( period = 9.600 ns )                    ; lpm_counter:cnt_rtl_0|alt_counter_f10ke:wysi_counter|counter_cell[18] ; lpm_counter:cnt_rtl_0|alt_counter_f10ke:wysi_counter|counter_cell[25] ; clk_50Mhz  ; clk_50Mhz ; None                        ; None                      ; 8.500 ns                ;
; N/A                                     ; 104.17 MHz ( period = 9.600 ns )                    ; lpm_counter:cnt_rtl_0|alt_counter_f10ke:wysi_counter|counter_cell[11] ; lpm_counter:cnt_rtl_0|alt_counter_f10ke:wysi_counter|counter_cell[24] ; clk_50Mhz  ; clk_50Mhz ; None                        ; None                      ; 8.500 ns                ;
; N/A                                     ; 104.17 MHz ( period = 9.600 ns )                    ; lpm_counter:cnt_rtl_0|alt_counter_f10ke:wysi_counter|counter_cell[10] ; lpm_counter:cnt_rtl_0|alt_counter_f10ke:wysi_counter|counter_cell[24] ; clk_50Mhz  ; clk_50Mhz ; None                        ; None                      ; 8.500 ns                ;
; N/A                                     ; 104.17 MHz ( period = 9.600 ns )                    ; lpm_counter:cnt_rtl_0|alt_counter_f10ke:wysi_counter|counter_cell[25] ; lpm_counter:cnt_rtl_0|alt_counter_f10ke:wysi_counter|counter_cell[24] ; clk_50Mhz  ; clk_50Mhz ; None                        ; None                      ; 8.500 ns                ;
; N/A                                     ; 104.17 MHz ( period = 9.600 ns )                    ; lpm_counter:cnt_rtl_0|alt_counter_f10ke:wysi_counter|counter_cell[24] ; lpm_counter:cnt_rtl_0|alt_counter_f10ke:wysi_counter|counter_cell[24] ; clk_50Mhz  ; clk_50Mhz ; None                        ; None                      ; 8.500 ns                ;
; N/A                                     ; 104.17 MHz ( period = 9.600 ns )                    ; lpm_counter:cnt_rtl_0|alt_counter_f10ke:wysi_counter|counter_cell[18] ; lpm_counter:cnt_rtl_0|alt_counter_f10ke:wysi_counter|counter_cell[24] ; clk_50Mhz  ; clk_50Mhz ; None                        ; None                      ; 8.500 ns                ;
; N/A                                     ; 104.17 MHz ( period = 9.600 ns )                    ; lpm_counter:cnt_rtl_0|alt_counter_f10ke:wysi_counter|counter_cell[5]  ; lpm_counter:cnt_rtl_0|alt_counter_f10ke:wysi_counter|counter_cell[23] ; clk_50Mhz  ; clk_50Mhz ; None                        ; None                      ; 8.500 ns                ;
; N/A                                     ; 104.17 MHz ( period = 9.600 ns )                    ; lpm_counter:cnt_rtl_0|alt_counter_f10ke:wysi_counter|counter_cell[12] ; lpm_counter:cnt_rtl_0|alt_counter_f10ke:wysi_counter|counter_cell[23] ; clk_50Mhz  ; clk_50Mhz ; None                        ; None                      ; 8.500 ns                ;
; N/A                                     ; 104.17 MHz ( period = 9.600 ns )                    ; lpm_counter:cnt_rtl_0|alt_counter_f10ke:wysi_counter|counter_cell[26] ; lpm_counter:cnt_rtl_0|alt_counter_f10ke:wysi_counter|counter_cell[23] ; clk_50Mhz  ; clk_50Mhz ; None                        ; None                      ; 8.500 ns                ;
; N/A                                     ; 104.17 MHz ( period = 9.600 ns )                    ; lpm_counter:cnt_rtl_0|alt_counter_f10ke:wysi_counter|counter_cell[5]  ; lpm_counter:cnt_rtl_0|alt_counter_f10ke:wysi_counter|counter_cell[22] ; clk_50Mhz  ; clk_50Mhz ; None                        ; None                      ; 8.500 ns                ;
; N/A                                     ; 104.17 MHz ( period = 9.600 ns )                    ; lpm_counter:cnt_rtl_0|alt_counter_f10ke:wysi_counter|counter_cell[12] ; lpm_counter:cnt_rtl_0|alt_counter_f10ke:wysi_counter|counter_cell[22] ; clk_50Mhz  ; clk_50Mhz ; None                        ; None                      ; 8.500 ns                ;
; N/A                                     ; 104.17 MHz ( period = 9.600 ns )                    ; lpm_counter:cnt_rtl_0|alt_counter_f10ke:wysi_counter|counter_cell[26] ; lpm_counter:cnt_rtl_0|alt_counter_f10ke:wysi_counter|counter_cell[22] ; clk_50Mhz  ; clk_50Mhz ; None                        ; None                      ; 8.500 ns                ;
; N/A                                     ; 104.17 MHz ( period = 9.600 ns )                    ; lpm_counter:cnt_rtl_0|alt_counter_f10ke:wysi_counter|counter_cell[5]  ; lpm_counter:cnt_rtl_0|alt_counter_f10ke:wysi_counter|counter_cell[21] ; clk_50Mhz  ; clk_50Mhz ; None                        ; None                      ; 8.500 ns                ;
; N/A                                     ; 104.17 MHz ( period = 9.600 ns )                    ; lpm_counter:cnt_rtl_0|alt_counter_f10ke:wysi_counter|counter_cell[12] ; lpm_counter:cnt_rtl_0|alt_counter_f10ke:wysi_counter|counter_cell[21] ; clk_50Mhz  ; clk_50Mhz ; None                        ; None                      ; 8.500 ns                ;
; N/A                                     ; 104.17 MHz ( period = 9.600 ns )                    ; lpm_counter:cnt_rtl_0|alt_counter_f10ke:wysi_counter|counter_cell[26] ; lpm_counter:cnt_rtl_0|alt_counter_f10ke:wysi_counter|counter_cell[21] ; clk_50Mhz  ; clk_50Mhz ; None                        ; None                      ; 8.500 ns                ;
; N/A                                     ; 104.17 MHz ( period = 9.600 ns )                    ; lpm_counter:cnt_rtl_0|alt_counter_f10ke:wysi_counter|counter_cell[5]  ; lpm_counter:cnt_rtl_0|alt_counter_f10ke:wysi_counter|counter_cell[20] ; clk_50Mhz  ; clk_50Mhz ; None                        ; None                      ; 8.500 ns                ;
; N/A                                     ; 104.17 MHz ( period = 9.600 ns )                    ; lpm_counter:cnt_rtl_0|alt_counter_f10ke:wysi_counter|counter_cell[12] ; lpm_counter:cnt_rtl_0|alt_counter_f10ke:wysi_counter|counter_cell[20] ; clk_50Mhz  ; clk_50Mhz ; None                        ; None                      ; 8.500 ns                ;
; N/A                                     ; 104.17 MHz ( period = 9.600 ns )                    ; lpm_counter:cnt_rtl_0|alt_counter_f10ke:wysi_counter|counter_cell[26] ; lpm_counter:cnt_rtl_0|alt_counter_f10ke:wysi_counter|counter_cell[20] ; clk_50Mhz  ; clk_50Mhz ; None                        ; None                      ; 8.500 ns                ;
; N/A                                     ; 104.17 MHz ( period = 9.600 ns )                    ; lpm_counter:cnt_rtl_0|alt_counter_f10ke:wysi_counter|counter_cell[5]  ; lpm_counter:cnt_rtl_0|alt_counter_f10ke:wysi_counter|counter_cell[19] ; clk_50Mhz  ; clk_50Mhz ; None                        ; None                      ; 8.500 ns                ;
; N/A                                     ; 104.17 MHz ( period = 9.600 ns )                    ; lpm_counter:cnt_rtl_0|alt_counter_f10ke:wysi_counter|counter_cell[12] ; lpm_counter:cnt_rtl_0|alt_counter_f10ke:wysi_counter|counter_cell[19] ; clk_50Mhz  ; clk_50Mhz ; None                        ; None                      ; 8.500 ns                ;
; N/A                                     ; 104.17 MHz ( period = 9.600 ns )                    ; lpm_counter:cnt_rtl_0|alt_counter_f10ke:wysi_counter|counter_cell[26] ; lpm_counter:cnt_rtl_0|alt_counter_f10ke:wysi_counter|counter_cell[19] ; clk_50Mhz  ; clk_50Mhz ; None                        ; None                      ; 8.500 ns                ;
; N/A                                     ; 104.17 MHz ( period = 9.600 ns )                    ; lpm_counter:cnt_rtl_0|alt_counter_f10ke:wysi_counter|counter_cell[5]  ; lpm_counter:cnt_rtl_0|alt_counter_f10ke:wysi_counter|counter_cell[18] ; clk_50Mhz  ; clk_50Mhz ; None                        ; None                      ; 8.500 ns                ;
; N/A                                     ; 104.17 MHz ( period = 9.600 ns )                    ; lpm_counter:cnt_rtl_0|alt_counter_f10ke:wysi_counter|counter_cell[12] ; lpm_counter:cnt_rtl_0|alt_counter_f10ke:wysi_counter|counter_cell[18] ; clk_50Mhz  ; clk_50Mhz ; None                        ; None                      ; 8.500 ns                ;
; N/A                                     ; 104.17 MHz ( period = 9.600 ns )                    ; lpm_counter:cnt_rtl_0|alt_counter_f10ke:wysi_counter|counter_cell[26] ; lpm_counter:cnt_rtl_0|alt_counter_f10ke:wysi_counter|counter_cell[18] ; clk_50Mhz  ; clk_50Mhz ; None                        ; None                      ; 8.500 ns                ;
; N/A                                     ; 104.17 MHz ( period = 9.600 ns )                    ; lpm_counter:cnt_rtl_0|alt_counter_f10ke:wysi_counter|counter_cell[5]  ; lpm_counter:cnt_rtl_0|alt_counter_f10ke:wysi_counter|counter_cell[17] ; clk_50Mhz  ; clk_50Mhz ; None                        ; None                      ; 8.500 ns                ;
; N/A                                     ; 104.17 MHz ( period = 9.600 ns )                    ; lpm_counter:cnt_rtl_0|alt_counter_f10ke:wysi_counter|counter_cell[12] ; lpm_counter:cnt_rtl_0|alt_counter_f10ke:wysi_counter|counter_cell[17] ; clk_50Mhz  ; clk_50Mhz ; None                        ; None                      ; 8.500 ns                ;
; N/A                                     ; 104.17 MHz ( period = 9.600 ns )                    ; lpm_counter:cnt_rtl_0|alt_counter_f10ke:wysi_counter|counter_cell[26] ; lpm_counter:cnt_rtl_0|alt_counter_f10ke:wysi_counter|counter_cell[17] ; clk_50Mhz  ; clk_50Mhz ; None                        ; None                      ; 8.500 ns                ;
; N/A                                     ; 104.17 MHz ( period = 9.600 ns )                    ; lpm_counter:cnt_rtl_0|alt_counter_f10ke:wysi_counter|counter_cell[5]  ; lpm_counter:cnt_rtl_0|alt_counter_f10ke:wysi_counter|counter_cell[16] ; clk_50Mhz  ; clk_50Mhz ; None                        ; None                      ; 8.500 ns                ;
; N/A                                     ; 104.17 MHz ( period = 9.600 ns )                    ; lpm_counter:cnt_rtl_0|alt_counter_f10ke:wysi_counter|counter_cell[12] ; lpm_counter:cnt_rtl_0|alt_counter_f10ke:wysi_counter|counter_cell[16] ; clk_50Mhz  ; clk_50Mhz ; None                        ; None                      ; 8.500 ns                ;
; Timing analysis restricted to 200 rows. ; To change the limit use Settings (Assignments menu) ;                                                                       ;                                                                       ;            ;           ;                             ;                           ;                         ;
+-----------------------------------------+-----------------------------------------------------+-----------------------------------------------------------------------+-----------------------------------------------------------------------+------------+-----------+-----------------------------+---------------------------+-------------------------+


+---------------------------------------------------------------------+
; tco                                                                 ;
+-------+--------------+------------+---------+----------+------------+
; Slack ; Required tco ; Actual tco ; From    ; To       ; From Clock ;
+-------+--------------+------------+---------+----------+------------+
; N/A   ; None         ; 10.400 ns  ; clk_out ; clk_1Khz ; clk_50Mhz  ;
+-------+--------------+------------+---------+----------+------------+


+--------------------------+
; Timing Analyzer Messages ;
+--------------------------+
Info: *******************************************************************
Info: Running Quartus II Classic Timing Analyzer
    Info: Version 9.0 Build 132 02/25/2009 SJ Full Version
    Info: Processing started: Fri Jan 15 09:04:23 2016
Info: Command: quartus_tan --read_settings_files=off --write_settings_files=off clk_div -c clk_div
Info: Parallel compilation is enabled and will use 2 of the 2 processors detected
Info: Started post-fitting delay annotation
Info: Delay annotation completed successfully
Warning: Found pins functioning as undefined clocks and/or memory enables
    Info: Assuming node "clk_50Mhz" is an undefined clock
Info: Clock "clk_50Mhz" has Internal fmax of 79.37 MHz between source register "lpm_counter:cnt_rtl_0|alt_counter_f10ke:wysi_counter|counter_cell[6]" and destination register "clk_out" (period= 12.6 ns)
    Info: + Longest register to register delay is 11.500 ns
        Info: 1: + IC(0.000 ns) + CELL(0.000 ns) = 0.000 ns; Loc. = LC7_D1; Fanout = 5; REG Node = 'lpm_counter:cnt_rtl_0|alt_counter_f10ke:wysi_counter|counter_cell[6]'
        Info: 2: + IC(0.900 ns) + CELL(1.700 ns) = 2.600 ns; Loc. = LC1_D2; Fanout = 1; COMB Node = 'LessThan0~0'
        Info: 3: + IC(0.300 ns) + CELL(1.700 ns) = 4.600 ns; Loc. = LC2_D2; Fanout = 1; COMB Node = 'LessThan0~1'
        Info: 4: + IC(0.300 ns) + CELL(1.700 ns) = 6.600 ns; Loc. = LC4_D2; Fanout = 1; COMB Node = 'LessThan0~3'
        Info: 5: + IC(0.300 ns) + CELL(1.600 ns) = 8.500 ns; Loc. = LC5_D2; Fanout = 33; COMB Node = 'LessThan0~6'
        Info: 6: + IC(0.300 ns) + CELL(1.400 ns) = 10.200 ns; Loc. = LC6_D2; Fanout = 1; COMB Node = 'clk_out~1'
        Info: 7: + IC(0.300 ns) + CELL(1.000 ns) = 11.500 ns; Loc. = LC8_D2; Fanout = 2; REG Node = 'clk_out'
        Info: Total cell delay = 9.100 ns ( 79.13 % )
        Info: Total interconnect delay = 2.400 ns ( 20.87 % )
    Info: - Smallest clock skew is 0.000 ns
        Info: + Shortest clock path from clock "clk_50Mhz" to destination register is 2.400 ns
            Info: 1: + IC(0.000 ns) + CELL(2.000 ns) = 2.000 ns; Loc. = PIN_55; Fanout = 33; CLK Node = 'clk_50Mhz'
            Info: 2: + IC(0.400 ns) + CELL(0.000 ns) = 2.400 ns; Loc. = LC8_D2; Fanout = 2; REG Node = 'clk_out'
            Info: Total cell delay = 2.000 ns ( 83.33 % )
            Info: Total interconnect delay = 0.400 ns ( 16.67 % )
        Info: - Longest clock path from clock "clk_50Mhz" to source register is 2.400 ns
            Info: 1: + IC(0.000 ns) + CELL(2.000 ns) = 2.000 ns; Loc. = PIN_55; Fanout = 33; CLK Node = 'clk_50Mhz'
            Info: 2: + IC(0.400 ns) + CELL(0.000 ns) = 2.400 ns; Loc. = LC7_D1; Fanout = 5; REG Node = 'lpm_counter:cnt_rtl_0|alt_counter_f10ke:wysi_counter|counter_cell[6]'
            Info: Total cell delay = 2.000 ns ( 83.33 % )
            Info: Total interconnect delay = 0.400 ns ( 16.67 % )
    Info: + Micro clock to output delay of source is 0.500 ns
    Info: + Micro setup delay of destination is 0.600 ns
Info: tco from clock "clk_50Mhz" to destination pin "clk_1Khz" through register "clk_out" is 10.400 ns
    Info: + Longest clock path from clock "clk_50Mhz" to source register is 2.400 ns
        Info: 1: + IC(0.000 ns) + CELL(2.000 ns) = 2.000 ns; Loc. = PIN_55; Fanout = 33; CLK Node = 'clk_50Mhz'
        Info: 2: + IC(0.400 ns) + CELL(0.000 ns) = 2.400 ns; Loc. = LC8_D2; Fanout = 2; REG Node = 'clk_out'
        Info: Total cell delay = 2.000 ns ( 83.33 % )
        Info: Total interconnect delay = 0.400 ns ( 16.67 % )
    Info: + Micro clock to output delay of source is 0.500 ns
    Info: + Longest register to pin delay is 7.500 ns
        Info: 1: + IC(0.000 ns) + CELL(0.000 ns) = 0.000 ns; Loc. = LC8_D2; Fanout = 2; REG Node = 'clk_out'
        Info: 2: + IC(1.200 ns) + CELL(6.300 ns) = 7.500 ns; Loc. = PIN_88; Fanout = 0; PIN Node = 'clk_1Khz'
        Info: Total cell delay = 6.300 ns ( 84.00 % )
        Info: Total interconnect delay = 1.200 ns ( 16.00 % )
Info: Quartus II Classic Timing Analyzer was successful. 0 errors, 1 warning
    Info: Peak virtual memory: 205 megabytes
    Info: Processing ended: Fri Jan 15 09:04:24 2016
    Info: Elapsed time: 00:00:01
    Info: Total CPU time (on all processors): 00:00:00


