--------------------------------------------------------------------------------------
Timing Analyzer Summary
--------------------------------------------------------------------------------------

Type           : Worst-case tco
Slack          : N/A
Required Time  : None
Actual Time    : 11.700 ns
From           : smg_disp:disp|out[12]
To             : disp_out[12]
From Clock     : clk_50Mhz
To Clock       : --
Failed Paths   : 0

Type           : Clock Setup: 'clk_50Mhz'
Slack          : N/A
Required Time  : None
Actual Time    : 58.82 MHz ( period = 17.000 ns )
From           : watch_cnt:cnt|Six_counter:bit_6|out_dat[2]
To             : smg_disp:disp|out[22]
From Clock     : clk_50Mhz
To Clock       : clk_50Mhz
Failed Paths   : 0

Type           : Clock Setup: 'key_pause'
Slack          : N/A
Required Time  : None
Actual Time    : Restricted to 200.00 MHz ( period = 5.000 ns )
From           : key_Control:Control|en__
To             : key_Control:Control|en__
From Clock     : key_pause
To Clock       : key_pause
Failed Paths   : 0

Type           : Clock Setup: 'key_start'
Slack          : N/A
Required Time  : None
Actual Time    : Restricted to 200.00 MHz ( period = 5.000 ns )
From           : key_Control:Control|Start_status.START
To             : key_Control:Control|Start_status.STOP
From Clock     : key_start
To Clock       : key_start
Failed Paths   : 0

Type           : Total number of failed paths
Slack          : 
Required Time  : 
Actual Time    : 
From           : 
To             : 
From Clock     : 
To Clock       : 
Failed Paths   : 0

--------------------------------------------------------------------------------------

