Fitter report for watch_cnt
Fri Jan 15 15:54:34 2016
Quartus II Version 9.0 Build 132 02/25/2009 SJ Full Version


---------------------
; Table of Contents ;
---------------------
  1. Legal Notice
  2. Fitter Summary
  3. Fitter Settings
  4. Parallel Compilation
  5. Fitter Device Options
  6. Input Pins
  7. Output Pins
  8. All Package Pins
  9. Control Signals
 10. Global & Other Fast Signals
 11. Carry Chains
 12. Cascade Chains
 13. Non-Global High Fan-Out Signals
 14. Peripheral Signals
 15. LAB
 16. Local Routing Interconnect
 17. LAB External Interconnect
 18. Row Interconnect
 19. LAB Column Interconnect
 20. LAB Column Interconnect
 21. Fitter Resource Usage Summary
 22. Fitter Resource Utilization by Entity
 23. Delay Chain Summary
 24. Pin-Out File
 25. Fitter Messages



----------------
; Legal Notice ;
----------------
Copyright (C) 1991-2009 Altera Corporation
Your use of Altera Corporation's design tools, logic functions 
and other software and tools, and its AMPP partner logic 
functions, and any output files from any of the foregoing 
(including device programming or simulation files), and any 
associated documentation or information are expressly subject 
to the terms and conditions of the Altera Program License 
Subscription Agreement, Altera MegaCore Function License 
Agreement, or other applicable license agreement, including, 
without limitation, that your use is for the sole purpose of 
programming logic devices manufactured by Altera and sold by 
Altera or its authorized distributors.  Please refer to the 
applicable agreement for further details.



+------------------------------------------------------------------+
; Fitter Summary                                                   ;
+-----------------------+------------------------------------------+
; Fitter Status         ; Successful - Fri Jan 15 15:54:34 2016    ;
; Quartus II Version    ; 9.0 Build 132 02/25/2009 SJ Full Version ;
; Revision Name         ; watch_cnt                                ;
; Top-level Entity Name ; watch_cnt                                ;
; Family                ; ACEX1K                                   ;
; Device                ; EP1K30TC144-3                            ;
; Timing Models         ; Final                                    ;
; Total logic elements  ; 112 / 1,728 ( 6 % )                      ;
; Total pins            ; 28 / 102 ( 27 % )                        ;
; Total memory bits     ; 0 / 24,576 ( 0 % )                       ;
; Total PLLs            ; 0                                        ;
+-----------------------+------------------------------------------+


+------------------------------------------------------------------------------------------------------+
; Fitter Settings                                                                                      ;
+------------------------------------------------------------+--------------------+--------------------+
; Option                                                     ; Setting            ; Default Value      ;
+------------------------------------------------------------+--------------------+--------------------+
; Device                                                     ; EP1K30TC144-3      ;                    ;
; Use smart compilation                                      ; Off                ; Off                ;
; Use TimeQuest Timing Analyzer                              ; Off                ; Off                ;
; Router Timing Optimization Level                           ; Normal             ; Normal             ;
; Placement Effort Multiplier                                ; 1.0                ; 1.0                ;
; Router Effort Multiplier                                   ; 1.0                ; 1.0                ;
; Optimize Timing                                            ; Normal compilation ; Normal compilation ;
; Optimize Timing for ECOs                                   ; Off                ; Off                ;
; Regenerate full fit report during ECO compiles             ; Off                ; Off                ;
; Optimize IOC Register Placement for Timing                 ; On                 ; On                 ;
; Limit to One Fitting Attempt                               ; Off                ; Off                ;
; Final Placement Optimizations                              ; Automatically      ; Automatically      ;
; Fitter Aggressive Routability Optimizations                ; Automatically      ; Automatically      ;
; Fitter Initial Placement Seed                              ; 1                  ; 1                  ;
; Slow Slew Rate                                             ; Off                ; Off                ;
; PCI I/O                                                    ; Off                ; Off                ;
; Auto Global Memory Control Signals                         ; Off                ; Off                ;
; Logic Cell Insertion - Individual Logic Cells              ; On                 ; On                 ;
; Logic Cell Insertion - I/Os Fed By Carry or Cascade Chains ; On                 ; On                 ;
; Fitter Effort                                              ; Auto Fit           ; Auto Fit           ;
; Auto Global Clock                                          ; On                 ; On                 ;
; Auto Global Output Enable                                  ; On                 ; On                 ;
; Auto Global Register Control Signals                       ; On                 ; On                 ;
; Force Fitter to Avoid Periphery Placement Warnings         ; Off                ; Off                ;
+------------------------------------------------------------+--------------------+--------------------+


+------------------------------------------+
; Parallel Compilation                     ;
+----------------------------+-------------+
; Processors                 ; Number      ;
+----------------------------+-------------+
; Number detected on machine ; 4           ;
; Maximum allowed            ; 4           ;
;                            ;             ;
; Average used               ; 1.00        ;
; Maximum used               ; 1           ;
;                            ;             ;
; Usage by Processor         ; % Time Used ;
;     1 processor            ; 100.0%      ;
;     2-4 processors         ;   0.0%      ;
+----------------------------+-------------+


+-------------------------------------------------------------------------+
; Fitter Device Options                                                   ;
+----------------------------------------------+--------------------------+
; Option                                       ; Setting                  ;
+----------------------------------------------+--------------------------+
; Enable user-supplied start-up clock (CLKUSR) ; Off                      ;
; Enable device-wide reset (DEV_CLRn)          ; Off                      ;
; Enable device-wide output enable (DEV_OE)    ; Off                      ;
; Enable INIT_DONE output                      ; Off                      ;
; Configuration scheme                         ; Passive Serial           ;
; nWS, nRS, nCS, CS                            ; Unreserved               ;
; RDYnBUSY                                     ; Unreserved               ;
; Data[7..1]                                   ; Unreserved               ;
; Reserve all unused pins                      ; As output driving ground ;
; Base pin-out file on sameframe device        ; Off                      ;
+----------------------------------------------+--------------------------+


+-------------------------------------------------------------------------------------------------------------------------------------------------------------+
; Input Pins                                                                                                                                                  ;
+-----------+-------+-----+------+---------+--------+--------------+-------------------------+---------------+-----------------+---------------+--------------+
; Name      ; Pin # ; Row ; Col. ; Fan-Out ; Global ; I/O Register ; Use Local Routing Input ; Power Up High ; PCI I/O Enabled ; Single-Pin CE ; I/O Standard ;
+-----------+-------+-----+------+---------+--------+--------------+-------------------------+---------------+-----------------+---------------+--------------+
; key_load  ; 19    ;  D  ; --   ; 34      ; no     ; no           ; no                      ; no            ; no              ; no            ; LVTTL/LVCMOS ;
; clk_50Mhz ; 126   ; --  ; --   ; 33      ; yes    ; no           ; no                      ; no            ; no              ; no            ; LVTTL/LVCMOS ;
; key_start ; 8     ;  A  ; --   ; 3       ; no     ; no           ; no                      ; no            ; no              ; no            ; LVTTL/LVCMOS ;
; key_pause ; 13    ;  C  ; --   ; 0       ; no     ; no           ; no                      ; no            ; no              ; no            ; LVTTL/LVCMOS ;
+-----------+-------+-----+------+---------+--------+--------------+-------------------------+---------------+-----------------+---------------+--------------+


+-----------------------------------------------------------------------------------------------------------------------------------------------------------------------------------------------------------+
; Output Pins                                                                                                                                                                                               ;
+-------------+-------+-----+------+--------------+--------------------------+---------------+----------------+-----------------+---------------+---------------+------------+---------------+--------------+
; Name        ; Pin # ; Row ; Col. ; I/O Register ; Use Local Routing Output ; Power Up High ; Slow Slew Rate ; PCI I/O Enabled ; Single-Pin OE ; Single-Pin CE ; Open Drain ; TRI Primitive ; I/O Standard ;
+-------------+-------+-----+------+--------------+--------------------------+---------------+----------------+-----------------+---------------+---------------+------------+---------------+--------------+
; dispbuf[0]  ; 30    ;  F  ; --   ; no           ; no                       ; no            ; no             ; no              ; no            ; no            ; no         ; no            ; LVTTL/LVCMOS ;
; dispbuf[1]  ; 31    ;  F  ; --   ; no           ; no                       ; no            ; no             ; no              ; no            ; no            ; no         ; no            ; LVTTL/LVCMOS ;
; dispbuf[2]  ; 32    ;  F  ; --   ; no           ; no                       ; no            ; no             ; no              ; no            ; no            ; no         ; no            ; LVTTL/LVCMOS ;
; dispbuf[3]  ; 33    ;  F  ; --   ; no           ; no                       ; no            ; no             ; no              ; no            ; no            ; no         ; no            ; LVTTL/LVCMOS ;
; dispbuf[4]  ; 36    ; --  ; 36   ; no           ; no                       ; no            ; no             ; no              ; no            ; no            ; no         ; no            ; LVTTL/LVCMOS ;
; dispbuf[5]  ; 37    ; --  ; 35   ; no           ; no                       ; no            ; no             ; no              ; no            ; no            ; no         ; no            ; LVTTL/LVCMOS ;
; dispbuf[6]  ; 38    ; --  ; 34   ; no           ; no                       ; no            ; no             ; no              ; no            ; no            ; no         ; no            ; LVTTL/LVCMOS ;
; dispbuf[7]  ; 39    ; --  ; 33   ; no           ; no                       ; no            ; no             ; no              ; no            ; no            ; no         ; no            ; LVTTL/LVCMOS ;
; dispbuf[8]  ; 41    ; --  ; 31   ; no           ; no                       ; no            ; no             ; no              ; no            ; no            ; no         ; no            ; LVTTL/LVCMOS ;
; dispbuf[9]  ; 42    ; --  ; 28   ; no           ; no                       ; no            ; no             ; no              ; no            ; no            ; no         ; no            ; LVTTL/LVCMOS ;
; dispbuf[10] ; 65    ; --  ; 9    ; no           ; no                       ; no            ; no             ; no              ; no            ; no            ; no         ; no            ; LVTTL/LVCMOS ;
; dispbuf[11] ; 67    ; --  ; 8    ; no           ; no                       ; no            ; no             ; no              ; no            ; no            ; no         ; no            ; LVTTL/LVCMOS ;
; dispbuf[12] ; 68    ; --  ; 7    ; no           ; no                       ; no            ; no             ; no              ; no            ; no            ; no         ; no            ; LVTTL/LVCMOS ;
; dispbuf[13] ; 69    ; --  ; 6    ; no           ; no                       ; no            ; no             ; no              ; no            ; no            ; no         ; no            ; LVTTL/LVCMOS ;
; dispbuf[14] ; 70    ; --  ; 5    ; no           ; no                       ; no            ; no             ; no              ; no            ; no            ; no         ; no            ; LVTTL/LVCMOS ;
; dispbuf[15] ; 72    ; --  ; 3    ; no           ; no                       ; no            ; no             ; no              ; no            ; no            ; no         ; no            ; LVTTL/LVCMOS ;
; dispbuf[16] ; 73    ; --  ; 1    ; no           ; no                       ; no            ; no             ; no              ; no            ; no            ; no         ; no            ; LVTTL/LVCMOS ;
; dispbuf[17] ; 78    ;  F  ; --   ; no           ; no                       ; no            ; no             ; no              ; no            ; no            ; no         ; no            ; LVTTL/LVCMOS ;
; dispbuf[18] ; 79    ;  F  ; --   ; no           ; no                       ; no            ; no             ; no              ; no            ; no            ; no         ; no            ; LVTTL/LVCMOS ;
; dispbuf[19] ; 80    ;  F  ; --   ; no           ; no                       ; no            ; no             ; no              ; no            ; no            ; no         ; no            ; LVTTL/LVCMOS ;
; dispbuf[20] ; 81    ;  F  ; --   ; no           ; no                       ; no            ; no             ; no              ; no            ; no            ; no         ; no            ; LVTTL/LVCMOS ;
; dispbuf[21] ; 82    ;  F  ; --   ; no           ; no                       ; no            ; no             ; no              ; no            ; no            ; no         ; no            ; LVTTL/LVCMOS ;
; dispbuf[22] ; 83    ;  E  ; --   ; no           ; no                       ; no            ; no             ; no              ; no            ; no            ; no         ; no            ; LVTTL/LVCMOS ;
; dispbuf[23] ; 86    ;  E  ; --   ; no           ; no                       ; no            ; no             ; no              ; no            ; no            ; no         ; no            ; LVTTL/LVCMOS ;
+-------------+-------+-----+------+--------------+--------------------------+---------------+----------------+-----------------+---------------+---------------+------------+---------------+--------------+


+------------------------------------+
; All Package Pins                   ;
+-------+-------------+--------------+
; Pin # ; Usage       ; I/O Standard ;
+-------+-------------+--------------+
; 1     ; #TCK        ;              ;
; 2     ; ^CONF_DONE  ;              ;
; 3     ; ^nCEO       ;              ;
; 4     ; #TDO        ;              ;
; 5     ; VCC_IO      ;              ;
; 6     ; GND_INT     ;              ;
; 7     ; GND*        ;              ;
; 8     ; key_start   ; LVTTL/LVCMOS ;
; 9     ; GND*        ;              ;
; 10    ; GND*        ;              ;
; 11    ; GND*        ;              ;
; 12    ; GND*        ;              ;
; 13    ; key_pause   ; LVTTL/LVCMOS ;
; 14    ; GND*        ;              ;
; 15    ; GND_INT     ;              ;
; 16    ; VCC_INT     ;              ;
; 17    ; GND*        ;              ;
; 18    ; GND*        ;              ;
; 19    ; key_load    ; LVTTL/LVCMOS ;
; 20    ; GND*        ;              ;
; 21    ; GND*        ;              ;
; 22    ; GND*        ;              ;
; 23    ; GND*        ;              ;
; 24    ; VCC_IO      ;              ;
; 25    ; GND_INT     ;              ;
; 26    ; GND*        ;              ;
; 27    ; GND*        ;              ;
; 28    ; GND*        ;              ;
; 29    ; GND*        ;              ;
; 30    ; dispbuf[0]  ; LVTTL/LVCMOS ;
; 31    ; dispbuf[1]  ; LVTTL/LVCMOS ;
; 32    ; dispbuf[2]  ; LVTTL/LVCMOS ;
; 33    ; dispbuf[3]  ; LVTTL/LVCMOS ;
; 34    ; #TMS        ;              ;
; 35    ; ^nSTATUS    ;              ;
; 36    ; dispbuf[4]  ; LVTTL/LVCMOS ;
; 37    ; dispbuf[5]  ; LVTTL/LVCMOS ;
; 38    ; dispbuf[6]  ; LVTTL/LVCMOS ;
; 39    ; dispbuf[7]  ; LVTTL/LVCMOS ;
; 40    ; GND_INT     ;              ;
; 41    ; dispbuf[8]  ; LVTTL/LVCMOS ;
; 42    ; dispbuf[9]  ; LVTTL/LVCMOS ;
; 43    ; GND*        ;              ;
; 44    ; GND*        ;              ;
; 45    ; VCC_IO      ;              ;
; 46    ; GND*        ;              ;
; 47    ; GND*        ;              ;
; 48    ; GND*        ;              ;
; 49    ; GND*        ;              ;
; 50    ; VCC_INT     ;              ;
; 51    ; GND*        ;              ;
; 52    ; GND_INT     ;              ;
; 53    ; VCC_CKLK    ;              ;
; 54    ; GND+        ;              ;
; 55    ; GND+        ;              ;
; 56    ; GND+        ;              ;
; 57    ; GND_CKLK    ;              ;
; 58    ; GND_INT     ;              ;
; 59    ; GND*        ;              ;
; 60    ; GND*        ;              ;
; 61    ; VCC_IO      ;              ;
; 62    ; GND*        ;              ;
; 63    ; GND*        ;              ;
; 64    ; GND*        ;              ;
; 65    ; dispbuf[10] ; LVTTL/LVCMOS ;
; 66    ; GND_INT     ;              ;
; 67    ; dispbuf[11] ; LVTTL/LVCMOS ;
; 68    ; dispbuf[12] ; LVTTL/LVCMOS ;
; 69    ; dispbuf[13] ; LVTTL/LVCMOS ;
; 70    ; dispbuf[14] ; LVTTL/LVCMOS ;
; 71    ; VCC_IO      ;              ;
; 72    ; dispbuf[15] ; LVTTL/LVCMOS ;
; 73    ; dispbuf[16] ; LVTTL/LVCMOS ;
; 74    ; ^nCONFIG    ;              ;
; 75    ; VCC_INT     ;              ;
; 76    ; ^MSEL1      ;              ;
; 77    ; ^MSEL0      ;              ;
; 78    ; dispbuf[17] ; LVTTL/LVCMOS ;
; 79    ; dispbuf[18] ; LVTTL/LVCMOS ;
; 80    ; dispbuf[19] ; LVTTL/LVCMOS ;
; 81    ; dispbuf[20] ; LVTTL/LVCMOS ;
; 82    ; dispbuf[21] ; LVTTL/LVCMOS ;
; 83    ; dispbuf[22] ; LVTTL/LVCMOS ;
; 84    ; GND_INT     ;              ;
; 85    ; VCC_INT     ;              ;
; 86    ; dispbuf[23] ; LVTTL/LVCMOS ;
; 87    ; GND*        ;              ;
; 88    ; GND*        ;              ;
; 89    ; GND*        ;              ;
; 90    ; GND*        ;              ;
; 91    ; GND*        ;              ;
; 92    ; GND*        ;              ;
; 93    ; GND_INT     ;              ;
; 94    ; VCC_IO      ;              ;
; 95    ; GND*        ;              ;
; 96    ; GND*        ;              ;
; 97    ; GND*        ;              ;
; 98    ; GND*        ;              ;
; 99    ; GND*        ;              ;
; 100   ; GND*        ;              ;
; 101   ; GND*        ;              ;
; 102   ; GND*        ;              ;
; 103   ; VCC_INT     ;              ;
; 104   ; GND_INT     ;              ;
; 105   ; #TDI        ;              ;
; 106   ; ^nCE        ;              ;
; 107   ; ^DCLK       ;              ;
; 108   ; ^DATA0      ;              ;
; 109   ; GND*        ;              ;
; 110   ; GND*        ;              ;
; 111   ; GND*        ;              ;
; 112   ; GND*        ;              ;
; 113   ; GND*        ;              ;
; 114   ; GND*        ;              ;
; 115   ; VCC_IO      ;              ;
; 116   ; GND*        ;              ;
; 117   ; GND*        ;              ;
; 118   ; GND*        ;              ;
; 119   ; GND*        ;              ;
; 120   ; GND*        ;              ;
; 121   ; GND*        ;              ;
; 122   ; GND*        ;              ;
; 123   ; GND_INT     ;              ;
; 124   ; GND+        ;              ;
; 125   ; GND+        ;              ;
; 126   ; clk_50Mhz   ; LVTTL/LVCMOS ;
; 127   ; VCC_INT     ;              ;
; 128   ; GND*        ;              ;
; 129   ; GND_INT     ;              ;
; 130   ; GND*        ;              ;
; 131   ; GND*        ;              ;
; 132   ; GND*        ;              ;
; 133   ; GND*        ;              ;
; 134   ; VCC_IO      ;              ;
; 135   ; GND*        ;              ;
; 136   ; GND*        ;              ;
; 137   ; GND*        ;              ;
; 138   ; GND*        ;              ;
; 139   ; GND_INT     ;              ;
; 140   ; GND*        ;              ;
; 141   ; GND*        ;              ;
; 142   ; GND*        ;              ;
; 143   ; GND*        ;              ;
; 144   ; GND*        ;              ;
+-------+-------------+--------------+


+-----------------------------------------------------------------------------------------------------+
; Control Signals                                                                                     ;
+-------------------------------------+---------+---------+----------------------------+--------------+
; Name                                ; Pin #   ; Fan-Out ; Usage                      ; Global Usage ;
+-------------------------------------+---------+---------+----------------------------+--------------+
; key_load                            ; 19      ; 34      ; Async. load / Async. clear ; Non-global   ;
; decimal_counter:bit_0|FULL          ; LC1_F34 ; 5       ; Clock                      ; Internal     ;
; decimal_counter:bit_1|FULL          ; LC1_F35 ; 5       ; Clock                      ; Non-global   ;
; decimal_counter:bit_2|FULL          ; LC2_F35 ; 5       ; Clock                      ; Non-global   ;
; decimal_counter:bit_5|FULL          ; LC2_D2  ; 4       ; Clock                      ; Non-global   ;
; Six_counter:bit_4|FULL              ; LC4_D5  ; 5       ; Clock                      ; Non-global   ;
; decimal_counter:bit_3|FULL          ; LC6_D27 ; 5       ; Clock                      ; Non-global   ;
; clk_50Mhz                           ; 126     ; 33      ; Clock                      ; Pin          ;
; clk_div:clkdiv|clk_out              ; LC7_C1  ; 6       ; Clock                      ; Non-global   ;
; key_start                           ; 8       ; 3       ; Clock                      ; Non-global   ;
; decimal_counter:bit_1|out_dat[0]~14 ; LC1_D9  ; 34      ; Clock enable               ; Non-global   ;
; clk_div:clkdiv|clk_out~1            ; LC8_C1  ; 1       ; Clock enable               ; Non-global   ;
+-------------------------------------+---------+---------+----------------------------+--------------+


+---------------------------------------------------------+
; Global & Other Fast Signals                             ;
+----------------------------+---------+---------+--------+
; Name                       ; Pin #   ; Fan-Out ; Global ;
+----------------------------+---------+---------+--------+
; decimal_counter:bit_0|FULL ; LC1_F34 ; 5       ; yes    ;
; clk_50Mhz                  ; 126     ; 33      ; yes    ;
+----------------------------+---------+---------+--------+


+---------------------------------------------+
; Carry Chains                                ;
+--------------------+------------------------+
; Carry Chain Length ; Number of Carry Chains ;
+--------------------+------------------------+
; 0 - 2              ; 0                      ;
; 3 - 5              ; 0                      ;
; 6 - 8              ; 0                      ;
; 9 - 11             ; 0                      ;
; 12 - 14            ; 0                      ;
; 15 - 17            ; 0                      ;
; 18 - 20            ; 0                      ;
; 21 - 23            ; 0                      ;
; 24 - 26            ; 0                      ;
; 27 - 29            ; 0                      ;
; 30 - 32            ; 1                      ;
+--------------------+------------------------+


+----------------+
; Cascade Chains ;
+--------+-------+
; Length ; Count ;
+--------+-------+
; 2      ; 2     ;
+--------+-------+


+-----------------------------------------------------------------------------------------------------+
; Non-Global High Fan-Out Signals                                                                     ;
+-------------------------------------------------------------------------------------------+---------+
; Name                                                                                      ; Fan-Out ;
+-------------------------------------------------------------------------------------------+---------+
; key_load                                                                                  ; 34      ;
; decimal_counter:bit_1|out_dat[0]~25                                                       ; 34      ;
; clk_div:clkdiv|LessThan0~25                                                               ; 33      ;
; ~GND~0                                                                                    ; 22      ;
; decimal_counter:bit_3|out_dat[0]~18                                                       ; 6       ;
; decimal_counter:bit_5|out_dat[0]~18                                                       ; 6       ;
; clk_div:clkdiv|clk_out~2                                                                  ; 6       ;
; decimal_counter:bit_1|out_dat[0]~18                                                       ; 6       ;
; decimal_counter:bit_2|out_dat[0]~18                                                       ; 6       ;
; decimal_counter:bit_5|out_dat[1]~19                                                       ; 5       ;
; decimal_counter:bit_3|FULL~4                                                              ; 5       ;
; Six_counter:bit_4|FULL~4                                                                  ; 5       ;
; decimal_counter:bit_1|FULL~4                                                              ; 5       ;
; decimal_counter:bit_2|FULL~4                                                              ; 5       ;
; decimal_counter:bit_1|out_dat[1]~19                                                       ; 5       ;
; Six_counter:bit_4|out_dat[0]~21                                                           ; 5       ;
; decimal_counter:bit_0|out_dat[0]~21                                                       ; 5       ;
; decimal_counter:bit_2|out_dat[1]~19                                                       ; 5       ;
; decimal_counter:bit_3|out_dat[1]~19                                                       ; 5       ;
; Six_counter:bit_6|out_dat[0]~21                                                           ; 5       ;
; decimal_counter:bit_5|out_dat[2]~20                                                       ; 4       ;
; Six_counter:bit_4|out_dat[2]~23                                                           ; 4       ;
; decimal_counter:bit_1|out_dat[2]~20                                                       ; 4       ;
; Six_counter:bit_4|out_dat[1]~22                                                           ; 4       ;
; decimal_counter:bit_5|FULL~4                                                              ; 4       ;
; Six_counter:bit_4|Equal0~1                                                                ; 4       ;
; decimal_counter:bit_0|out_dat[1]~20                                                       ; 4       ;
; decimal_counter:bit_2|out_dat[2]~20                                                       ; 4       ;
; decimal_counter:bit_3|out_dat[2]~20                                                       ; 4       ;
; Six_counter:bit_6|out_dat[2]~23                                                           ; 4       ;
; Six_counter:bit_6|out_dat[1]~22                                                           ; 4       ;
; decimal_counter:bit_5|out_dat[3]~21                                                       ; 3       ;
; clk_div:clkdiv|lpm_counter:cnt_rtl_0|alt_counter_f10ke:wysi_counter|counter_cell[6]~COUT  ; 3       ;
; Six_counter:bit_4|out_dat[3]~24                                                           ; 3       ;
; Six_counter:bit_6|Equal0~1                                                                ; 3       ;
; decimal_counter:bit_2|out_dat[3]~21                                                       ; 3       ;
; decimal_counter:bit_0|out_dat[2]~19                                                       ; 3       ;
; key_start                                                                                 ; 3       ;
; decimal_counter:bit_3|out_dat[3]~21                                                       ; 3       ;
; Six_counter:bit_6|out_dat[3]~24                                                           ; 3       ;
; decimal_counter:bit_1|out_dat[3]~21                                                       ; 3       ;
; clk_div:clkdiv|lpm_counter:cnt_rtl_0|alt_counter_f10ke:wysi_counter|counter_cell[7]~COUT  ; 2       ;
; clk_div:clkdiv|lpm_counter:cnt_rtl_0|alt_counter_f10ke:wysi_counter|counter_cell[3]~COUT  ; 2       ;
; clk_div:clkdiv|lpm_counter:cnt_rtl_0|alt_counter_f10ke:wysi_counter|counter_cell[5]~COUT  ; 2       ;
; clk_div:clkdiv|lpm_counter:cnt_rtl_0|alt_counter_f10ke:wysi_counter|counter_cell[20]~COUT ; 2       ;
; clk_div:clkdiv|lpm_counter:cnt_rtl_0|alt_counter_f10ke:wysi_counter|counter_cell[13]~COUT ; 2       ;
; clk_div:clkdiv|lpm_counter:cnt_rtl_0|alt_counter_f10ke:wysi_counter|counter_cell[4]~COUT  ; 2       ;
; clk_div:clkdiv|lpm_counter:cnt_rtl_0|alt_counter_f10ke:wysi_counter|counter_cell[28]~COUT ; 2       ;
; clk_div:clkdiv|lpm_counter:cnt_rtl_0|alt_counter_f10ke:wysi_counter|counter_cell[27]~COUT ; 2       ;
; clk_div:clkdiv|lpm_counter:cnt_rtl_0|alt_counter_f10ke:wysi_counter|counter_cell[11]~COUT ; 2       ;
+-------------------------------------------------------------------------------------------+---------+


+-------------------------------------------------------------------------------------------------------+
; Peripheral Signals                                                                                    ;
+----------------------------+---------+-------+-----------------+---------------------------+----------+
; Peripheral Signal          ; Source  ; Usage ; Dedicated Clock ; Peripheral Control Signal ; Polarity ;
+----------------------------+---------+-------+-----------------+---------------------------+----------+
; decimal_counter:bit_0|FULL ; LC1_F34 ; Clock ; no              ; yes                       ; +ve      ;
+----------------------------+---------+-------+-----------------+---------------------------+----------+


+-------------------------------------------+
; LAB                                       ;
+--------------------------+----------------+
; Number of Logic Elements ; Number of LABs ;
+--------------------------+----------------+
; 0                        ; 195            ;
; 1                        ; 5              ;
; 2                        ; 1              ;
; 3                        ; 1              ;
; 4                        ; 0              ;
; 5                        ; 2              ;
; 6                        ; 2              ;
; 7                        ; 0              ;
; 8                        ; 10             ;
+--------------------------+----------------+


+----------------------------------------------+
; Local Routing Interconnect                   ;
+-----------------------------+----------------+
; Local Routing Interconnects ; Number of LABs ;
+-----------------------------+----------------+
; 0                           ; 204            ;
; 1                           ; 1              ;
; 2                           ; 0              ;
; 3                           ; 2              ;
; 4                           ; 1              ;
; 5                           ; 1              ;
; 6                           ; 3              ;
; 7                           ; 1              ;
; 8                           ; 3              ;
+-----------------------------+----------------+


+---------------------------------------------+
; LAB External Interconnect                   ;
+----------------------------+----------------+
; LAB External Interconnects ; Number of LABs ;
+----------------------------+----------------+
; 0 - 1                      ; 200            ;
; 2 - 3                      ; 3              ;
; 4 - 5                      ; 5              ;
; 6 - 7                      ; 3              ;
; 8 - 9                      ; 4              ;
; 10 - 11                    ; 0              ;
; 12 - 13                    ; 0              ;
; 14 - 15                    ; 0              ;
; 16 - 17                    ; 0              ;
; 18 - 19                    ; 1              ;
+----------------------------+----------------+


+-----------------------------------------------------------------------------------------+
; Row Interconnect                                                                        ;
+-------+--------------------+-----------------------------+------------------------------+
; Row   ; Interconnect Used  ; Left Half Interconnect Used ; Right Half Interconnect Used ;
+-------+--------------------+-----------------------------+------------------------------+
;  A    ;  1 / 144 ( < 1 % ) ;  0 / 72 ( 0 % )             ;  0 / 72 ( 0 % )              ;
;  B    ;  0 / 144 ( 0 % )   ;  0 / 72 ( 0 % )             ;  0 / 72 ( 0 % )              ;
;  C    ;  32 / 144 ( 22 % ) ;  0 / 72 ( 0 % )             ;  0 / 72 ( 0 % )              ;
;  D    ;  21 / 144 ( 15 % ) ;  1 / 72 ( 1 % )             ;  0 / 72 ( 0 % )              ;
;  E    ;  0 / 144 ( 0 % )   ;  2 / 72 ( 3 % )             ;  0 / 72 ( 0 % )              ;
;  F    ;  11 / 144 ( 8 % )  ;  4 / 72 ( 6 % )             ;  6 / 72 ( 8 % )              ;
; Total ;  65 / 864 ( 8 % )  ;  7 / 432 ( 2 % )            ;  6 / 432 ( 1 % )             ;
+-------+--------------------+-----------------------------+------------------------------+


+---------------------------+
; LAB Column Interconnect   ;
+-------+-------------------+
; Col.  ; Interconnect Used ;
+-------+-------------------+
; 1     ;  2 / 24 ( 8 % )   ;
; 2     ;  2 / 24 ( 8 % )   ;
; 3     ;  1 / 24 ( 4 % )   ;
; 4     ;  0 / 24 ( 0 % )   ;
; 5     ;  1 / 24 ( 4 % )   ;
; 6     ;  1 / 24 ( 4 % )   ;
; 7     ;  1 / 24 ( 4 % )   ;
; 8     ;  1 / 24 ( 4 % )   ;
; 9     ;  2 / 24 ( 8 % )   ;
; 10    ;  0 / 24 ( 0 % )   ;
; 11    ;  4 / 24 ( 17 % )  ;
; 12    ;  0 / 24 ( 0 % )   ;
; 13    ;  0 / 24 ( 0 % )   ;
; 14    ;  0 / 24 ( 0 % )   ;
; 15    ;  0 / 24 ( 0 % )   ;
; 16    ;  0 / 24 ( 0 % )   ;
; 17    ;  0 / 24 ( 0 % )   ;
; 18    ;  0 / 24 ( 0 % )   ;
; 19    ;  0 / 24 ( 0 % )   ;
; 20    ;  0 / 24 ( 0 % )   ;
; 21    ;  0 / 24 ( 0 % )   ;
; 22    ;  0 / 24 ( 0 % )   ;
; 23    ;  0 / 24 ( 0 % )   ;
; 24    ;  0 / 24 ( 0 % )   ;
; 25    ;  0 / 24 ( 0 % )   ;
; 26    ;  0 / 24 ( 0 % )   ;
; 27    ;  1 / 24 ( 4 % )   ;
; 28    ;  1 / 24 ( 4 % )   ;
; 29    ;  0 / 24 ( 0 % )   ;
; 30    ;  1 / 24 ( 4 % )   ;
; 31    ;  1 / 24 ( 4 % )   ;
; 32    ;  1 / 24 ( 4 % )   ;
; 33    ;  1 / 24 ( 4 % )   ;
; 34    ;  1 / 24 ( 4 % )   ;
; 35    ;  2 / 24 ( 8 % )   ;
; 36    ;  2 / 24 ( 8 % )   ;
; Total ;  26 / 864 ( 3 % ) ;
+-------+-------------------+


+---------------------------+
; LAB Column Interconnect   ;
+-------+-------------------+
; Col.  ; Interconnect Used ;
+-------+-------------------+
; 1     ;  0 / 48 ( 0 % )   ;
; Total ;  0 / 48 ( 0 % )   ;
+-------+-------------------+


+-------------------------------------------------------------------------+
; Fitter Resource Usage Summary                                           ;
+-----------------------------------+-------------------------------------+
; Resource                          ; Usage                               ;
+-----------------------------------+-------------------------------------+
; Total logic elements              ; 112 / 1,728 ( 6 % )                 ;
; Registers                         ; 70 / 1,728 ( 4 % )                  ;
; Logic elements in carry chains    ; 32                                  ;
; User inserted logic elements      ; 0                                   ;
; I/O pins                          ; 28 / 102 ( 27 % )                   ;
;     -- Clock pins                 ; 0 / 0 ( -- )                        ;
;     -- Dedicated input pins       ; 2 / 4 ( 50 % )                      ;
; Global signals                    ; 2                                   ;
; EABs                              ; 0 / 6 ( 0 % )                       ;
; Total memory bits                 ; 0 / 24,576 ( 0 % )                  ;
; Total RAM block bits              ; 0 / 24,576 ( 0 % )                  ;
; Maximum fan-out node              ; decimal_counter:bit_1|out_dat[0]~14 ;
; Maximum fan-out                   ; 34                                  ;
; Highest non-global fan-out signal ; decimal_counter:bit_1|out_dat[0]~14 ;
; Highest non-global fan-out        ; 34                                  ;
; Total fan-out                     ; 428                                 ;
; Average fan-out                   ; 3.06                                ;
+-----------------------------------+-------------------------------------+


+----------------------------------------------------------------------------------------------------------------------------------------------------------------------------------------------------------------------------------------------------------------------------------+
; Fitter Resource Utilization by Entity                                                                                                                                                                                                                                            ;
+-------------------------------------------+-------------+--------------+-------------+------+--------------+-------------------+------------------+-----------------+------------+--------------------------------------------------------------------------------+--------------+
; Compilation Hierarchy Node                ; Logic Cells ; LC Registers ; Memory Bits ; Pins ; LUT-Only LCs ; Register-Only LCs ; LUT/Register LCs ; Carry Chain LCs ; Packed LCs ; Full Hierarchy Name                                                            ; Library Name ;
+-------------------------------------------+-------------+--------------+-------------+------+--------------+-------------------+------------------+-----------------+------------+--------------------------------------------------------------------------------+--------------+
; |watch_cnt                                ; 112 (1)     ; 70           ; 0           ; 28   ; 42 (1)       ; 27 (0)            ; 43 (0)           ; 32 (0)          ; 0 (0)      ; |watch_cnt                                                                     ; work         ;
;    |Six_counter:bit_4|                    ; 10 (10)     ; 5            ; 0           ; 0    ; 5 (5)        ; 4 (4)             ; 1 (1)            ; 0 (0)           ; 0 (0)      ; |watch_cnt|Six_counter:bit_4                                                   ; work         ;
;    |Six_counter:bit_6|                    ; 9 (9)       ; 4            ; 0           ; 0    ; 5 (5)        ; 3 (3)             ; 1 (1)            ; 0 (0)           ; 0 (0)      ; |watch_cnt|Six_counter:bit_6                                                   ; work         ;
;    |clk_div:clkdiv|                       ; 43 (11)     ; 33           ; 0           ; 0    ; 10 (10)      ; 0 (0)             ; 33 (1)           ; 32 (0)          ; 0 (0)      ; |watch_cnt|clk_div:clkdiv                                                      ; work         ;
;       |lpm_counter:cnt_rtl_0|             ; 32 (0)      ; 32           ; 0           ; 0    ; 0 (0)        ; 0 (0)             ; 32 (0)           ; 32 (0)          ; 0 (0)      ; |watch_cnt|clk_div:clkdiv|lpm_counter:cnt_rtl_0                                ; work         ;
;          |alt_counter_f10ke:wysi_counter| ; 32 (32)     ; 32           ; 0           ; 0    ; 0 (0)        ; 0 (0)             ; 32 (32)          ; 32 (32)         ; 0 (0)      ; |watch_cnt|clk_div:clkdiv|lpm_counter:cnt_rtl_0|alt_counter_f10ke:wysi_counter ; work         ;
;    |decimal_counter:bit_0|                ; 9 (9)       ; 5            ; 0           ; 0    ; 4 (4)        ; 4 (4)             ; 1 (1)            ; 0 (0)           ; 0 (0)      ; |watch_cnt|decimal_counter:bit_0                                               ; work         ;
;    |decimal_counter:bit_1|                ; 10 (10)     ; 5            ; 0           ; 0    ; 5 (5)        ; 4 (4)             ; 1 (1)            ; 0 (0)           ; 0 (0)      ; |watch_cnt|decimal_counter:bit_1                                               ; work         ;
;    |decimal_counter:bit_2|                ; 9 (9)       ; 5            ; 0           ; 0    ; 4 (4)        ; 4 (4)             ; 1 (1)            ; 0 (0)           ; 0 (0)      ; |watch_cnt|decimal_counter:bit_2                                               ; work         ;
;    |decimal_counter:bit_3|                ; 9 (9)       ; 5            ; 0           ; 0    ; 4 (4)        ; 4 (4)             ; 1 (1)            ; 0 (0)           ; 0 (0)      ; |watch_cnt|decimal_counter:bit_3                                               ; work         ;
;    |decimal_counter:bit_5|                ; 9 (9)       ; 5            ; 0           ; 0    ; 4 (4)        ; 3 (3)             ; 2 (2)            ; 0 (0)           ; 0 (0)      ; |watch_cnt|decimal_counter:bit_5                                               ; work         ;
;    |key_Control:control|                  ; 3 (3)       ; 3            ; 0           ; 0    ; 0 (0)        ; 1 (1)             ; 2 (2)            ; 0 (0)           ; 0 (0)      ; |watch_cnt|key_Control:control                                                 ; work         ;
+-------------------------------------------+-------------+--------------+-------------+------+--------------+-------------------+------------------+-----------------+------------+--------------------------------------------------------------------------------+--------------+
Note: For table entries with two numbers listed, the numbers in parentheses indicate the number of resources of the given type used by the specific entity alone. The numbers listed outside of parentheses indicate the total resources of the given type used by the specific entity and all of its sub-entities in the hierarchy.


+--------------------------------------+
; Delay Chain Summary                  ;
+-------------+----------+-------------+
; Name        ; Pin Type ; Pad to Core ;
+-------------+----------+-------------+
; key_pause   ; Input    ; OFF         ;
; key_load    ; Input    ; ON          ;
; clk_50Mhz   ; Input    ; OFF         ;
; key_start   ; Input    ; ON          ;
; dispbuf[0]  ; Output   ; OFF         ;
; dispbuf[1]  ; Output   ; OFF         ;
; dispbuf[2]  ; Output   ; OFF         ;
; dispbuf[3]  ; Output   ; OFF         ;
; dispbuf[4]  ; Output   ; OFF         ;
; dispbuf[5]  ; Output   ; OFF         ;
; dispbuf[6]  ; Output   ; OFF         ;
; dispbuf[7]  ; Output   ; OFF         ;
; dispbuf[8]  ; Output   ; OFF         ;
; dispbuf[9]  ; Output   ; OFF         ;
; dispbuf[10] ; Output   ; OFF         ;
; dispbuf[11] ; Output   ; OFF         ;
; dispbuf[12] ; Output   ; OFF         ;
; dispbuf[13] ; Output   ; OFF         ;
; dispbuf[14] ; Output   ; OFF         ;
; dispbuf[15] ; Output   ; OFF         ;
; dispbuf[16] ; Output   ; OFF         ;
; dispbuf[17] ; Output   ; OFF         ;
; dispbuf[18] ; Output   ; OFF         ;
; dispbuf[19] ; Output   ; OFF         ;
; dispbuf[20] ; Output   ; OFF         ;
; dispbuf[21] ; Output   ; OFF         ;
; dispbuf[22] ; Output   ; OFF         ;
; dispbuf[23] ; Output   ; OFF         ;
+-------------+----------+-------------+


+--------------+
; Pin-Out File ;
+--------------+
The pin-out file can be found in C:/Users/Sontao/OneDrive/EDA¿ÎÉè/watch_cnt/watch_cnt.pin.


+-----------------+
; Fitter Messages ;
+-----------------+
Info: *******************************************************************
Info: Running Quartus II Fitter
    Info: Version 9.0 Build 132 02/25/2009 SJ Full Version
    Info: Processing started: Fri Jan 15 15:54:33 2016
Info: Command: quartus_fit --read_settings_files=off --write_settings_files=off watch_cnt -c watch_cnt
Info: Parallel compilation is enabled and will use 4 of the 4 processors detected
Info: Selected device EP1K30TC144-3 for design "watch_cnt"
Info: Fitter is using the Classic Timing Analyzer
Info: Timing requirements not specified -- optimizing circuit to achieve the following default global requirements
    Info: Assuming a global fmax requirement of 1000 MHz
    Info: Not setting a global tsu requirement
    Info: Not setting a global tco requirement
    Info: Not setting a global tpd requirement
Info: Inserted 0 logic cells in first fitting attempt
Info: Started fitting attempt 1 on Fri Jan 15 2016 at 15:54:33
Info: Fitter placement preparation operations beginning
Info: Fitter placement preparation operations ending: elapsed time is 00:00:00
Info: Fitter placement operations beginning
Info: Fitter placement operations ending: elapsed time is 00:00:00
Info: Fitter routing operations beginning
Info: Fitter routing operations ending: elapsed time is 00:00:00
Info: Quartus II Fitter was successful. 0 errors, 0 warnings
    Info: Peak virtual memory: 271 megabytes
    Info: Processing ended: Fri Jan 15 15:54:34 2016
    Info: Elapsed time: 00:00:01
    Info: Total CPU time (on all processors): 00:00:01


